[    0.000000] Linux version 6.1.0-thor_kernel-00012-gb1dc51d3c71e (root@ftlinux) (gcc (GCC) 12.2.0, GNU ld (GNU Binutils) 2.39) #1 SMP PREEMPT_DYNAMIC Mon Nov 14 14:39:27 CET 2022
[    0.000000] Command line: BOOT_IMAGE=/vmlinuz-6.1.0-thor_kernel-00012-gb1dc51d3c71e root=/dev/sda4 ro
[    0.000000] x86/fpu: Supporting XSAVE feature 0x001: 'x87 floating point registers'
[    0.000000] x86/fpu: Supporting XSAVE feature 0x002: 'SSE registers'
[    0.000000] x86/fpu: Supporting XSAVE feature 0x004: 'AVX registers'
[    0.000000] x86/fpu: xstate_offset[2]:  576, xstate_sizes[2]:  256
[    0.000000] x86/fpu: Enabled xstate features 0x7, context size is 832 bytes, using 'standard' format.
[    0.000000] signal: max sigframe size: 1776
[    0.000000] BIOS-provided physical RAM map:
[    0.000000] BIOS-e820: [mem 0x0000000000000000-0x000000000009fbff] usable
[    0.000000] BIOS-e820: [mem 0x000000000009fc00-0x000000000009ffff] reserved
[    0.000000] BIOS-e820: [mem 0x00000000000f0000-0x00000000000fffff] reserved
[    0.000000] BIOS-e820: [mem 0x0000000000100000-0x00000000dffeffff] usable
[    0.000000] BIOS-e820: [mem 0x00000000dfff0000-0x00000000dfffffff] ACPI data
[    0.000000] BIOS-e820: [mem 0x00000000fec00000-0x00000000fec00fff] reserved
[    0.000000] BIOS-e820: [mem 0x00000000fee00000-0x00000000fee00fff] reserved
[    0.000000] BIOS-e820: [mem 0x00000000fffc0000-0x00000000ffffffff] reserved
[    0.000000] BIOS-e820: [mem 0x0000000100000000-0x000000015fffffff] usable
[    0.000000] NX (Execute Disable) protection: active
[    0.000000] SMBIOS 2.5 present.
[    0.000000] DMI: innotek GmbH VirtualBox/VirtualBox, BIOS VirtualBox 12/01/2006
[    0.000000] Hypervisor detected: KVM
[    0.000000] kvm-clock: Using msrs 4b564d01 and 4b564d00
[    0.000001] kvm-clock: using sched offset of 10171807879 cycles
[    0.000002] clocksource: kvm-clock: mask: 0xffffffffffffffff max_cycles: 0x1cd42e4dffb, max_idle_ns: 881590591483 ns
[    0.000003] tsc: Detected 2111.998 MHz processor
[    0.000370] e820: update [mem 0x00000000-0x00000fff] usable ==> reserved
[    0.000371] e820: remove [mem 0x000a0000-0x000fffff] usable
[    0.000374] last_pfn = 0x160000 max_arch_pfn = 0x400000000
[    0.000380] Disabled
[    0.000381] x86/PAT: MTRRs disabled, skipping PAT initialization too.
[    0.000382] CPU MTRRs all blank - virtualized system.
[    0.000383] x86/PAT: Configuration [0-7]: WB  WT  UC- UC  WB  WT  UC- UC  
[    0.000388] last_pfn = 0xdfff0 max_arch_pfn = 0x400000000
[    0.000420] found SMP MP-table at [mem 0x0009fff0-0x0009ffff]
[    0.000788] ACPI: Early table checksum verification disabled
[    0.000790] ACPI: RSDP 0x00000000000E0000 000024 (v02 VBOX  )
[    0.000792] ACPI: XSDT 0x00000000DFFF0030 00003C (v01 VBOX   VBOXXSDT 00000001 ASL  00000061)
[    0.000796] ACPI: FACP 0x00000000DFFF00F0 0000F4 (v04 VBOX   VBOXFACP 00000001 ASL  00000061)
[    0.000799] ACPI: DSDT 0x00000000DFFF04C0 002325 (v02 VBOX   VBOXBIOS 00000002 INTL 20200925)
[    0.000801] ACPI: FACS 0x00000000DFFF0200 000040
[    0.000802] ACPI: FACS 0x00000000DFFF0200 000040
[    0.000804] ACPI: APIC 0x00000000DFFF0240 0000AC (v02 VBOX   VBOXAPIC 00000001 ASL  00000061)
[    0.000806] ACPI: SSDT 0x00000000DFFF02F0 0001CC (v01 VBOX   VBOXCPUT 00000002 INTL 20200925)
[    0.000807] ACPI: Reserving FACP table memory at [mem 0xdfff00f0-0xdfff01e3]
[    0.000808] ACPI: Reserving DSDT table memory at [mem 0xdfff04c0-0xdfff27e4]
[    0.000808] ACPI: Reserving FACS table memory at [mem 0xdfff0200-0xdfff023f]
[    0.000809] ACPI: Reserving FACS table memory at [mem 0xdfff0200-0xdfff023f]
[    0.000809] ACPI: Reserving APIC table memory at [mem 0xdfff0240-0xdfff02eb]
[    0.000809] ACPI: Reserving SSDT table memory at [mem 0xdfff02f0-0xdfff04bb]
[    0.000922] No NUMA configuration found
[    0.000922] Faking a node at [mem 0x0000000000000000-0x000000015fffffff]
[    0.000924] NODE_DATA(0) allocated [mem 0x15fff8000-0x15fffbfff]
[    0.000930] Zone ranges:
[    0.000931]   DMA      [mem 0x0000000000001000-0x0000000000ffffff]
[    0.000932]   DMA32    [mem 0x0000000001000000-0x00000000ffffffff]
[    0.000932]   Normal   [mem 0x0000000100000000-0x000000015fffffff]
[    0.000933] Movable zone start for each node
[    0.000933] Early memory node ranges
[    0.000933]   node   0: [mem 0x0000000000001000-0x000000000009efff]
[    0.000934]   node   0: [mem 0x0000000000100000-0x00000000dffeffff]
[    0.000935]   node   0: [mem 0x0000000100000000-0x000000015fffffff]
[    0.000935] Initmem setup node 0 [mem 0x0000000000001000-0x000000015fffffff]
[    0.001189] On node 0, zone DMA: 1 pages in unavailable ranges
[    0.001201] On node 0, zone DMA: 97 pages in unavailable ranges
[    0.016247] On node 0, zone Normal: 16 pages in unavailable ranges
[    0.016519] ACPI: PM-Timer IO Port: 0x4008
[    0.016581] IOAPIC[0]: apic_id 12, version 32, address 0xfec00000, GSI 0-23
[    0.016583] ACPI: INT_SRC_OVR (bus 0 bus_irq 0 global_irq 2 dfl dfl)
[    0.016584] ACPI: INT_SRC_OVR (bus 0 bus_irq 9 global_irq 9 low level)
[    0.016587] ACPI: Using ACPI (MADT) for SMP configuration information
[    0.016592] smpboot: Allowing 12 CPUs, 0 hotplug CPUs
[    0.016612] PM: hibernation: Registered nosave memory: [mem 0x00000000-0x00000fff]
[    0.016613] PM: hibernation: Registered nosave memory: [mem 0x0009f000-0x0009ffff]
[    0.016614] PM: hibernation: Registered nosave memory: [mem 0x000a0000-0x000effff]
[    0.016614] PM: hibernation: Registered nosave memory: [mem 0x000f0000-0x000fffff]
[    0.016615] PM: hibernation: Registered nosave memory: [mem 0xdfff0000-0xdfffffff]
[    0.016615] PM: hibernation: Registered nosave memory: [mem 0xe0000000-0xfebfffff]
[    0.016615] PM: hibernation: Registered nosave memory: [mem 0xfec00000-0xfec00fff]
[    0.016616] PM: hibernation: Registered nosave memory: [mem 0xfec01000-0xfedfffff]
[    0.016616] PM: hibernation: Registered nosave memory: [mem 0xfee00000-0xfee00fff]
[    0.016616] PM: hibernation: Registered nosave memory: [mem 0xfee01000-0xfffbffff]
[    0.016617] PM: hibernation: Registered nosave memory: [mem 0xfffc0000-0xffffffff]
[    0.016619] [mem 0xe0000000-0xfebfffff] available for PCI devices
[    0.016620] Booting paravirtualized kernel on KVM
[    0.016624] clocksource: refined-jiffies: mask: 0xffffffff max_cycles: 0xffffffff, max_idle_ns: 1910969940391419 ns
[    0.020160] setup_percpu: NR_CPUS:64 nr_cpumask_bits:12 nr_cpu_ids:12 nr_node_ids:1
[    0.020812] percpu: Embedded 53 pages/cpu s176296 r8192 d32600 u262144
[    0.020816] pcpu-alloc: s176296 r8192 d32600 u262144 alloc=1*2097152
[    0.020817] pcpu-alloc: [0] 00 01 02 03 04 05 06 07 [0] 08 09 10 11 -- -- -- -- 
[    0.020832] Fallback order for Node 0: 0 
[    0.020834] Built 1 zonelists, mobility grouping on.  Total pages: 1289968
[    0.020835] Policy zone: Normal
[    0.020835] Kernel command line: BOOT_IMAGE=/vmlinuz-6.1.0-thor_kernel-00012-gb1dc51d3c71e root=/dev/sda4 ro
[    0.020851] Unknown kernel command line parameters "BOOT_IMAGE=/vmlinuz-6.1.0-thor_kernel-00012-gb1dc51d3c71e", will be passed to user space.
[    0.020867] random: crng init done
[    0.022046] Dentry cache hash table entries: 1048576 (order: 11, 8388608 bytes, linear)
[    0.022716] Inode-cache hash table entries: 524288 (order: 10, 4194304 bytes, linear)
[    0.022850] mem auto-init: stack:all(zero), heap alloc:off, heap free:off
[    0.022853] software IO TLB: area num 16.
[    0.048669] Memory: 5043504K/5242424K available (16396K kernel code, 2676K rwdata, 4800K rodata, 1536K init, 900K bss, 198660K reserved, 0K cma-reserved)
[    0.048693] SLUB: HWalign=64, Order=0-3, MinObjects=0, CPUs=12, Nodes=1
[    0.048698] Kernel/User page tables isolation: enabled
[    0.049461] Dynamic Preempt: voluntary
[    0.049734] rcu: Preemptible hierarchical RCU implementation.
[    0.049735] rcu: 	RCU event tracing is enabled.
[    0.049736] rcu: 	RCU restricting CPUs from NR_CPUS=64 to nr_cpu_ids=12.
[    0.049737] 	Trampoline variant of Tasks RCU enabled.
[    0.049737] rcu: RCU calculated value of scheduler-enlistment delay is 100 jiffies.
[    0.049738] rcu: Adjusting geometry for rcu_fanout_leaf=16, nr_cpu_ids=12
[    0.050384] NR_IRQS: 4352, nr_irqs: 520, preallocated irqs: 16
[    0.050534] rcu: srcu_init: Setting srcu_struct sizes based on contention.
[    0.054553] Console: colour VGA+ 80x25
[    0.073828] printk: console [tty0] enabled
[    0.073966] ACPI: Core revision 20220331
[    0.074154] APIC: Switch to symmetric I/O mode setup
[    0.074336] Switched APIC routing to physical flat.
[    0.075285] ..TIMER: vector=0x30 apic1=0 pin1=2 apic2=-1 pin2=-1
[    0.075461] clocksource: tsc-early: mask: 0xffffffffffffffff max_cycles: 0x1e71768ef8b, max_idle_ns: 440795218977 ns
[    0.075732] Calibrating delay loop (skipped) preset value.. 4223.99 BogoMIPS (lpj=2111998)
[    0.075959] pid_max: default: 32768 minimum: 301
[    0.076104] LSM: Security Framework initializing
[    0.076244] SELinux:  Initializing.
[    0.076380] Mount-cache hash table entries: 16384 (order: 5, 131072 bytes, linear)
[    0.076640] Mountpoint-cache hash table entries: 16384 (order: 5, 131072 bytes, linear)
[    0.077866] Last level iTLB entries: 4KB 0, 2MB 0, 4MB 0
[    0.078018] Last level dTLB entries: 4KB 0, 2MB 0, 4MB 0, 1GB 0
[    0.078180] Spectre V1 : Mitigation: usercopy/swapgs barriers and __user pointer sanitization
[    0.078409] Spectre V2 : Mitigation: Retpolines
[    0.078544] Spectre V2 : Spectre v2 / SpectreRSB mitigation: Filling RSB on context switch
[    0.078729] Spectre V2 : Spectre v2 / SpectreRSB : Filling RSB on VMEXIT
[    0.078729] Speculative Store Bypass: Vulnerable
[    0.078729] MDS: Mitigation: Clear CPU buffers
[    0.087178] Freeing SMP alternatives memory: 44K
[    0.191487] smpboot: CPU0: 12th Gen Intel(R) Core(TM) i7-12700 (family: 0x6, model: 0x97, stepping: 0x2)
[    0.191729] cblist_init_generic: Setting adjustable number of callback queues.
[    0.191729] cblist_init_generic: Setting shift to 4 and lim to 1.
[    0.191729] Performance Events: unsupported p6 CPU model 151 no PMU driver, software events only.
[    0.191729] rcu: Hierarchical SRCU implementation.
[    0.191730] rcu: 	Max phase no-delay instances is 400.
[    0.192060] smp: Bringing up secondary CPUs ...
[    0.192236] x86: Booting SMP configuration:
[    0.192368] .... node  #0, CPUs:        #1  #2  #3  #4  #5  #6  #7  #8  #9 #10 #11
[    0.210980] smp: Brought up 1 node, 12 CPUs
[    0.211730] smpboot: Max logical packages: 1
[    0.211883] smpboot: Total of 12 processors activated (50687.95 BogoMIPS)
[    0.212264] devtmpfs: initialized
[    0.212761] clocksource: jiffies: mask: 0xffffffff max_cycles: 0xffffffff, max_idle_ns: 1911260446275000 ns
[    0.213066] futex hash table entries: 4096 (order: 6, 262144 bytes, linear)
[    0.213323] PM: RTC time: 13:46:04, date: 2022-11-14
[    0.213739] NET: Registered PF_NETLINK/PF_ROUTE protocol family
[    0.213951] audit: initializing netlink subsys (disabled)
[    0.214468] audit: type=2000 audit(1668433576.635:1): state=initialized audit_enabled=0 res=1
[    0.214468] thermal_sys: Registered thermal governor 'step_wise'
[    0.214733] thermal_sys: Registered thermal governor 'user_space'
[    0.214936] cpuidle: using governor menu
[    0.215125] PCI: Using configuration type 1 for base access
[    0.216797] kprobes: kprobe jump-optimization is enabled. All kprobes are optimized if possible.
[    0.224034] HugeTLB: registered 2.00 MiB page size, pre-allocated 0 pages
[    0.224034] HugeTLB: 28 KiB vmemmap can be freed for a 2.00 MiB page
[    0.225123] ACPI: Added _OSI(Module Device)
[    0.225123] ACPI: Added _OSI(Processor Device)
[    0.225123] ACPI: Added _OSI(3.0 _SCP Extensions)
[    0.225229] ACPI: Added _OSI(Processor Aggregator Device)
[    0.226190] ACPI: 2 ACPI AML tables successfully acquired and loaded
[    0.261526] ACPI: Interpreter enabled
[    0.261526] ACPI: PM: (supports S0 S5)
[    0.261526] ACPI: Using IOAPIC for interrupt routing
[    0.261810] PCI: Using host bridge windows from ACPI; if necessary, use "pci=nocrs" and report a bug
[    0.262133] PCI: Using E820 reservations for host bridge windows
[    0.262395] ACPI: Enabled 2 GPEs in block 00 to 07
[    0.264377] ACPI: PCI Root Bridge [PCI0] (domain 0000 [bus 00-ff])
[    0.264585] acpi PNP0A03:00: _OSC: OS supports [ASPM ClockPM Segments MSI HPX-Type3]
[    0.264730] acpi PNP0A03:00: _OSC: not requesting OS control; OS requires [ExtendedConfig ASPM ClockPM MSI]
[    0.265153] acpi PNP0A03:00: fail to add MMCONFIG information, can't access extended PCI configuration space under this bridge.
[    0.265573] PCI host bridge to bus 0000:00
[    0.265730] pci_bus 0000:00: root bus resource [io  0x0000-0x0cf7 window]
[    0.265940] pci_bus 0000:00: root bus resource [io  0x0d00-0xffff window]
[    0.266141] pci_bus 0000:00: root bus resource [mem 0x000a0000-0x000bffff window]
[    0.266440] pci_bus 0000:00: root bus resource [mem 0xe0000000-0xfdffffff window]
[    0.266730] pci_bus 0000:00: root bus resource [bus 00-ff]
[    0.266996] pci 0000:00:00.0: [8086:1237] type 00 class 0x060000
[    0.267469] pci 0000:00:01.0: [8086:7000] type 00 class 0x060100
[    0.268103] pci 0000:00:01.1: [8086:7111] type 00 class 0x01018a
[    0.268519] pci 0000:00:01.1: reg 0x20: [io  0xd000-0xd00f]
[    0.268819] pci 0000:00:01.1: legacy IDE quirk: reg 0x10: [io  0x01f0-0x01f7]
[    0.269028] pci 0000:00:01.1: legacy IDE quirk: reg 0x14: [io  0x03f6]
[    0.269222] pci 0000:00:01.1: legacy IDE quirk: reg 0x18: [io  0x0170-0x0177]
[    0.269464] pci 0000:00:01.1: legacy IDE quirk: reg 0x1c: [io  0x0376]
[    0.269767] pci 0000:00:02.0: [15ad:0405] type 00 class 0x030000
[    0.271786] pci 0000:00:02.0: reg 0x10: [io  0xd010-0xd01f]
[    0.275855] pci 0000:00:02.0: reg 0x14: [mem 0xe0000000-0xe0ffffff pref]
[    0.276765] pci 0000:00:02.0: reg 0x18: [mem 0xf0000000-0xf01fffff]
[    0.281885] pci 0000:00:02.0: Video device with shadowed ROM at [mem 0x000c0000-0x000dffff]
[    0.284117] pci 0000:00:03.0: [8086:100e] type 00 class 0x020000
[    0.285729] pci 0000:00:03.0: reg 0x10: [mem 0xf0200000-0xf021ffff]
[    0.288916] pci 0000:00:03.0: reg 0x18: [io  0xd020-0xd027]
[    0.295868] pci 0000:00:04.0: [80ee:cafe] type 00 class 0x088000
[    0.296927] pci 0000:00:04.0: reg 0x10: [io  0xd040-0xd05f]
[    0.300791] pci 0000:00:04.0: reg 0x14: [mem 0xf0400000-0xf07fffff]
[    0.301860] pci 0000:00:04.0: reg 0x18: [mem 0xf0800000-0xf0803fff pref]
[    0.312071] pci 0000:00:05.0: [8086:2415] type 00 class 0x040100
[    0.312859] pci 0000:00:05.0: reg 0x10: [io  0xd100-0xd1ff]
[    0.313789] pci 0000:00:05.0: reg 0x14: [io  0xd200-0xd23f]
[    0.314673] pci 0000:00:06.0: [106b:003f] type 00 class 0x0c0310
[    0.315919] pci 0000:00:06.0: reg 0x10: [mem 0xf0804000-0xf0804fff]
[    0.332101] pci 0000:00:07.0: [8086:7113] type 00 class 0x068000
[    0.334729] pci 0000:00:07.0: quirk: [io  0x4000-0x403f] claimed by PIIX4 ACPI
[    0.335777] pci 0000:00:07.0: quirk: [io  0x4100-0x410f] claimed by PIIX4 SMB
[    0.338169] pci 0000:00:0b.0: [8086:265c] type 00 class 0x0c0320
[    0.341745] pci 0000:00:0b.0: reg 0x10: [mem 0xf0805000-0xf0805fff]
[    0.351791] pci 0000:00:0d.0: [8086:2829] type 00 class 0x010601
[    0.351845] pci 0000:00:0d.0: reg 0x10: [io  0xd240-0xd247]
[    0.355748] pci 0000:00:0d.0: reg 0x14: [io  0xd248-0xd24b]
[    0.357762] pci 0000:00:0d.0: reg 0x18: [io  0xd250-0xd257]
[    0.358779] pci 0000:00:0d.0: reg 0x1c: [io  0xd258-0xd25b]
[    0.360820] pci 0000:00:0d.0: reg 0x20: [io  0xd260-0xd26f]
[    0.363758] pci 0000:00:0d.0: reg 0x24: [mem 0xf0806000-0xf0807fff]
[    0.369160] ACPI: PCI: Interrupt link LNKA configured for IRQ 11
[    0.369692] ACPI: PCI: Interrupt link LNKB configured for IRQ 10
[    0.369794] ACPI: PCI: Interrupt link LNKC configured for IRQ 9
[    0.370187] ACPI: PCI: Interrupt link LNKD configured for IRQ 11
[    0.370897] iommu: Default domain type: Translated 
[    0.371193] iommu: DMA domain TLB invalidation policy: lazy mode 
[    0.371774] SCSI subsystem initialized
[    0.372140] libata version 3.00 loaded.
[    0.372140] ACPI: bus type USB registered
[    0.372192] usbcore: registered new interface driver usbfs
[    0.372738] usbcore: registered new interface driver hub
[    0.373141] usbcore: registered new device driver usb
[    0.373746] pps_core: LinuxPPS API ver. 1 registered
[    0.374109] pps_core: Software ver. 5.3.6 - Copyright 2005-2007 Rodolfo Giometti <giometti@linux.it>
[    0.374732] PTP clock support registered
[    0.375086] Advanced Linux Sound Architecture Driver Initialized.
[    0.375876] NetLabel: Initializing
[    0.376128] NetLabel:  domain hash size = 128
[    0.376432] NetLabel:  protocols = UNLABELED CIPSOv4 CALIPSO
[    0.376753] NetLabel:  unlabeled traffic allowed by default
[    0.377078] PCI: Using ACPI for IRQ routing
[    0.377078] PCI: pci_cache_line_size set to 64 bytes
[    0.377890] e820: reserve RAM buffer [mem 0x0009fc00-0x0009ffff]
[    0.377894] e820: reserve RAM buffer [mem 0xdfff0000-0xdfffffff]
[    0.377916] pci 0000:00:02.0: vgaarb: setting as boot VGA device
[    0.378044] pci 0000:00:02.0: vgaarb: bridge control possible
[    0.378347] pci 0000:00:02.0: vgaarb: VGA device added: decodes=io+mem,owns=io+mem,locks=none
[    0.378731] vgaarb: loaded
[    0.379178] clocksource: Switched to clocksource kvm-clock
[    0.380517] VFS: Disk quotas dquot_6.6.0
[    0.381147] VFS: Dquot-cache hash table entries: 512 (order 0, 4096 bytes)
[    0.381475] pnp: PnP ACPI init
[    0.382526] pnp: PnP ACPI: found 3 devices
[    0.392417] clocksource: acpi_pm: mask: 0xffffff max_cycles: 0xffffff, max_idle_ns: 2085701024 ns
[    0.392713] NET: Registered PF_INET protocol family
[    0.392938] IP idents hash table entries: 131072 (order: 8, 1048576 bytes, linear)
[    0.393412] tcp_listen_portaddr_hash hash table entries: 4096 (order: 4, 65536 bytes, linear)
[    0.393412] Table-perturb hash table entries: 65536 (order: 6, 262144 bytes, linear)
[    0.393412] TCP established hash table entries: 65536 (order: 7, 524288 bytes, linear)
[    0.395285] TCP bind hash table entries: 65536 (order: 9, 2097152 bytes, linear)
[    0.395941] TCP: Hash tables configured (established 65536 bind 65536)
[    0.396184] UDP hash table entries: 4096 (order: 5, 131072 bytes, linear)
[    0.396401] UDP-Lite hash table entries: 4096 (order: 5, 131072 bytes, linear)
[    0.396662] NET: Registered PF_UNIX/PF_LOCAL protocol family
[    0.397164] RPC: Registered named UNIX socket transport module.
[    0.397352] RPC: Registered udp transport module.
[    0.397509] RPC: Registered tcp transport module.
[    0.397666] RPC: Registered tcp NFSv4.1 backchannel transport module.
[    0.398114] pci_bus 0000:00: resource 4 [io  0x0000-0x0cf7 window]
[    0.398304] pci_bus 0000:00: resource 5 [io  0x0d00-0xffff window]
[    0.398491] pci_bus 0000:00: resource 6 [mem 0x000a0000-0x000bffff window]
[    0.398693] pci_bus 0000:00: resource 7 [mem 0xe0000000-0xfdffffff window]
[    0.398912] pci 0000:00:00.0: Limiting direct PCI/PCI transfers
[    0.400082] PCI: CLS 0 bytes, default 64
[    0.400236] PCI-DMA: Using software bounce buffering for IO (SWIOTLB)
[    0.400447] software IO TLB: mapped [mem 0x00000000dbff0000-0x00000000dfff0000] (64MB)
[    0.401569] RAPL PMU: API unit is 2^-32 Joules, 0 fixed counters, 10737418240 ms ovfl timer
[    0.401845] clocksource: tsc: mask: 0xffffffffffffffff max_cycles: 0x1e71768ef8b, max_idle_ns: 440795218977 ns
[    0.402512] clocksource: Switched to clocksource tsc
[    0.402946] platform rtc_cmos: registered platform RTC device (no PNP device found)
[    0.407315] Initialise system trusted keyrings
[    0.407560] workingset: timestamp_bits=56 max_order=21 bucket_order=0
[    0.408377] NFS: Registering the id_resolver key type
[    0.408546] Key type id_resolver registered
[    0.408693] Key type id_legacy registered
[    0.409029] 9p: Installing v9fs 9p2000 file system support
[    0.413822] Key type asymmetric registered
[    0.413822] Asymmetric key parser 'x509' registered
[    0.413822] Block layer SCSI generic (bsg) driver version 0.4 loaded (major 251)
[    0.413822] io scheduler mq-deadline registered
[    0.413822] io scheduler kyber registered
[    0.418408] ACPI: AC: AC Adapter [AC] (on-line)
[    0.418587] input: Power Button as /devices/LNXSYSTM:00/LNXPWRBN:00/input/input0
[    0.418941] ACPI: button: Power Button [PWRF]
[    0.419120] input: Sleep Button as /devices/LNXSYSTM:00/LNXSLPBN:00/input/input1
[    0.419371] ACPI: button: Sleep Button [SLPF]
[    0.419560] ACPI: video: Video Device [GFX0] (multi-head: yes  rom: no  post: no)
[    0.419817] input: Video Bus as /devices/LNXSYSTM:00/LNXSYBUS:00/PNP0A03:00/LNXVIDEO:00/input/input2
[    0.420538] Serial: 8250/16550 driver, 4 ports, IRQ sharing enabled
[    0.420800] 00:02: ttyS0 at I/O 0x3f8 (irq = 4, base_baud = 115200) is a 16550A
[    0.421489] Non-volatile memory driver v1.3
[    0.421642] Linux agpgart interface v0.103
[    0.421852] ACPI: bus type drm_connector registered
[    0.425573] loop: module loaded
[    0.425736] ahci 0000:00:0d.0: version 3.0
[    0.426018] ahci 0000:00:0d.0: SSS flag set, parallel bus scan disabled
[    0.426321] ahci 0000:00:0d.0: AHCI 0001.0100 32 slots 3 ports 3 Gbps 0x7 impl SATA mode
[    0.426576] ahci 0000:00:0d.0: flags: 64bit ncq stag only ccc 
[    0.427175] scsi host0: ahci
[    0.427864] scsi host1: ahci
[    0.428133] scsi host2: ahci
[    0.428275] ata1: SATA max UDMA/133 abar m8192@0xf0806000 port 0xf0806100 irq 21
[    0.428518] ata2: SATA max UDMA/133 abar m8192@0xf0806000 port 0xf0806180 irq 21
[    0.428759] ata3: SATA max UDMA/133 abar m8192@0xf0806000 port 0xf0806200 irq 21
[    0.429078] ata_piix 0000:00:01.1: version 2.13
[    0.429533] scsi host3: ata_piix
[    0.430150] scsi host4: ata_piix
[    0.430308] ata4: PATA max UDMA/33 cmd 0x1f0 ctl 0x3f6 bmdma 0xd000 irq 14
[    0.430510] ata5: PATA max UDMA/33 cmd 0x170 ctl 0x376 bmdma 0xd008 irq 15
[    0.430825] e100: Intel(R) PRO/100 Network Driver
[    0.431110] e100: Copyright(c) 1999-2006 Intel Corporation
[    0.431303] e1000: Intel(R) PRO/1000 Network Driver
[    0.431471] e1000: Copyright (c) 1999-2006 Intel Corporation.
[    0.601932] ata4.00: ATAPI: VBOX CD-ROM, 1.0, max UDMA/133
[    0.738539] ata1: SATA link down (SStatus 0 SControl 300)
[    0.867829] e1000 0000:00:03.0 eth0: (PCI:33MHz:32-bit) 08:00:27:a1:53:d2
[    0.867829] e1000 0000:00:03.0 eth0: Intel(R) PRO/1000 Network Connection
[    0.867829] e1000e: Intel(R) PRO/1000 Network Driver
[    0.867829] e1000e: Copyright(c) 1999 - 2015 Intel Corporation.
[    0.867829] sky2: driver version 1.30
[    0.871071] ehci-pci 0000:00:0b.0: EHCI Host Controller
[    0.871624] ehci-pci 0000:00:0b.0: new USB bus registered, assigned bus number 1
[    0.872102] ehci-pci 0000:00:0b.0: irq 19, io mem 0xf0805000
[    0.922702] ehci-pci 0000:00:0b.0: USB 2.0 started, EHCI 1.00
[    0.924123] usb usb1: New USB device found, idVendor=1d6b, idProduct=0002, bcdDevice= 6.01
[    0.925378] usb usb1: New USB device strings: Mfr=3, Product=2, SerialNumber=1
[    0.926363] usb usb1: Product: EHCI Host Controller
[    0.926363] usb usb1: Manufacturer: Linux 6.1.0-thor_kernel-00012-gb1dc51d3c71e ehci_hcd
[    0.926363] usb usb1: SerialNumber: 0000:00:0b.0
[    0.929985] hub 1-0:1.0: USB hub found
[    0.930640] hub 1-0:1.0: 12 ports detected
[    0.932976] ohci-pci 0000:00:06.0: OHCI PCI host controller
[    0.934479] ohci-pci 0000:00:06.0: new USB bus registered, assigned bus number 2
[    0.935356] ohci-pci 0000:00:06.0: irq 22, io mem 0xf0804000
[    1.001565] usb usb2: New USB device found, idVendor=1d6b, idProduct=0001, bcdDevice= 6.01
[    1.003087] usb usb2: New USB device strings: Mfr=3, Product=2, SerialNumber=1
[    1.004068] usb usb2: Product: OHCI PCI host controller
[    1.005514] usb usb2: Manufacturer: Linux 6.1.0-thor_kernel-00012-gb1dc51d3c71e ohci_hcd
[    1.006914] usb usb2: SerialNumber: 0000:00:06.0
[    1.007387] hub 2-0:1.0: USB hub found
[    1.007534] hub 2-0:1.0: 12 ports detected
[    1.008614] usbcore: registered new interface driver usblp
[    1.009005] usbcore: registered new interface driver usb-storage
[    1.009005] i8042: PNP: PS/2 Controller [PNP0303:PS2K,PNP0f03:PS2M] at 0x60,0x64 irq 1,12
[    1.013405] serio: i8042 KBD port at 0x60,0x64 irq 1
[    1.014152] serio: i8042 AUX port at 0x60,0x64 irq 12
[    1.017946] input: AT Translated Set 2 keyboard as /devices/platform/i8042/serio0/input/input3
[    1.018769] rtc_cmos rtc_cmos: registered as rtc0
[    1.020338] rtc_cmos rtc_cmos: alarms up to one day, 114 bytes nvram
[    1.021118] fail to initialize ptp_kvm
[    1.021427] device-mapper: ioctl: 4.47.0-ioctl (2022-07-28) initialised: dm-devel@redhat.com
[    1.022167] intel_pstate: CPU model not supported
[    1.022377] hid: raw HID events driver (C) Jiri Kosina
[    1.022377] usbcore: registered new interface driver usbhid
[    1.022377] usbhid: USB HID core driver
[    1.024801] Initializing XFRM netlink socket
[    1.025080] NET: Registered PF_INET6 protocol family
[    1.026093] Segment Routing with IPv6
[    1.026257] In-situ OAM (IOAM) with IPv6
[    1.026433] sit: IPv6, IPv4 and MPLS over IPv4 tunneling driver
[    1.026706] NET: Registered PF_PACKET protocol family
[    1.026899] 9pnet: Installing 9P2000 support
[    1.026991] Key type dns_resolver registered
[    1.029218] IPI shorthand broadcast: enabled
[    1.029389] sched_clock: Marking stable (1004354224, 24823413)->(1042912673, -13735036)
[    1.030122] registered taskstats version 1
[    1.030269] Loading compiled-in X.509 certificates
[    1.030725] cryptomgr_test (110) used greatest stack depth: 15744 bytes left
[    1.031906] cryptomgr_test (113) used greatest stack depth: 15520 bytes left
[    1.035615] PM:   Magic number: 14:696:786
[    1.036121] printk: console [netcon0] enabled
[    1.036421] netconsole: network logging started
[    1.037247] cfg80211: Loading compiled-in X.509 certificates for regulatory database
[    1.038059] kworker/u24:0 (132) used greatest stack depth: 14224 bytes left
[    1.038594] cfg80211: Loaded X.509 cert 'sforshee: 00b28ddf47aef9cea7'
[    1.039181] platform regulatory.0: Direct firmware load for regulatory.db failed with error -2
[    1.039697] cfg80211: failed to load regulatory.db
[    1.040225] ALSA device list:
[    1.040469]   No soundcards found.
[    1.055916] ata2: SATA link up 3.0 Gbps (SStatus 123 SControl 300)
[    1.056621] ata2.00: ATA-6: VBOX HARDDISK, 1.0, max UDMA/133
[    1.057205] ata2.00: 41943040 sectors, multi 128: LBA48 NCQ (depth 32)
[    1.057645] ata2.00: configured for UDMA/133
[    1.058210] scsi 1:0:0:0: Direct-Access     ATA      VBOX HARDDISK    1.0  PQ: 0 ANSI: 5
[    1.059637] sd 1:0:0:0: [sda] 41943040 512-byte logical blocks: (21.5 GB/20.0 GiB)
[    1.059673] sd 1:0:0:0: Attached scsi generic sg0 type 0
[    1.060700] sd 1:0:0:0: [sda] Write Protect is off
[    1.064730] sd 1:0:0:0: [sda] Mode Sense: 00 3a 00 00
[    1.064759] sd 1:0:0:0: [sda] Write cache: enabled, read cache: enabled, doesn't support DPO or FUA
[    1.066571] sd 1:0:0:0: [sda] Preferred minimum I/O size 512 bytes
[    1.146363]  sda: sda1 sda2 sda3 sda4
[    1.149318] sd 1:0:0:0: [sda] Attached SCSI disk
[    1.237918] input: ImExPS/2 Generic Explorer Mouse as /devices/platform/i8042/serio1/input/input5
[    1.358215] usb 2-1: new full-speed USB device number 2 using ohci-pci
[    1.384211] ata3: SATA link down (SStatus 0 SControl 300)
[    1.385349] scsi 3:0:0:0: CD-ROM            VBOX     CD-ROM           1.0  PQ: 0 ANSI: 5
[    1.403826] sr 3:0:0:0: [sr0] scsi3-mmc drive: 32x/32x xa/form2 tray
[    1.404017] cdrom: Uniform CD-ROM driver Revision: 3.20
[    1.428803] sr 3:0:0:0: Attached scsi CD-ROM sr0
[    1.428944] sr 3:0:0:0: Attached scsi generic sg1 type 5
[    1.429465] md: Waiting for all devices to be available before autodetect
[    1.429660] md: If you don't use raid, use raid=noautodetect
[    1.429830] md: Autodetecting RAID arrays.
[    1.429968] md: autorun ...
[    1.430082] md: ... autorun DONE.
[    1.516348] EXT4-fs (sda4): mounted filesystem with ordered data mode. Quota mode: none.
[    1.518100] VFS: Mounted root (ext4 filesystem) readonly on device 8:4.
[    1.671904] devtmpfs: mounted
[    1.675219] Freeing unused kernel image (initmem) memory: 1536K
[    1.677411] Write protecting the kernel read-only data: 24576k
[    1.678581] Freeing unused kernel image (text/rodata gap) memory: 2032K
[    1.679385] Freeing unused kernel image (rodata/data gap) memory: 1344K
[    1.719359] x86/mm: Checked W+X mappings: passed, no W+X pages found.
[    1.719552] x86/mm: Checking user space page tables
[    1.746884] x86/mm: Checked W+X mappings: passed, no W+X pages found.
[    1.747084] Run /sbin/init as init process
[    1.747249]   with arguments:
[    1.747249]     /sbin/init
[    1.747249]   with environment:
[    1.747250]     HOME=/
[    1.747250]     TERM=linux
[    1.747251]     BOOT_IMAGE=/vmlinuz-6.1.0-thor_kernel-00012-gb1dc51d3c71e
[    1.753080] usb 2-1: New USB device found, idVendor=80ee, idProduct=0021, bcdDevice= 1.00
[    1.753330] usb 2-1: New USB device strings: Mfr=1, Product=3, SerialNumber=0
[    1.753528] usb 2-1: Product: USB Tablet
[    1.753665] usb 2-1: Manufacturer: VirtualBox
[    1.765609] input: VirtualBox USB Tablet as /devices/pci0000:00/0000:00:06.0/usb2/2-1/2-1:1.0/0003:80EE:0021.0001/input/input6
[    1.766563] hid-generic 0003:80EE:0021.0001: input,hidraw0: USB HID v1.10 Mouse [VirtualBox USB Tablet] on usb-0000:00:06.0-1/input0
[    6.463517] systemd[1]: RTC configured in localtime, applying delta of 60 minutes to system time.
[    6.559914] systemd[1]: systemd 251 running in system mode (-PAM -AUDIT -SELINUX -APPARMOR +IMA +SMACK -SECCOMP -GCRYPT -GNUTLS +OPENSSL +ACL +BLKID -CURL -ELFUTILS -FIDO2 -IDN2 -IDN -IPTC +KMOD -LIBCRYPTSETUP +LIBFDISK -PCRE2 -PWQUALITY -P11KIT -QRENCODE -TPM2 +BZIP2 -LZ4 +XZ +ZLIB +ZSTD -BPF_FRAMEWORK -XKBCOMMON +UTMP +SYSVINIT default-hierarchy=unified)
[    6.564525] systemd[1]: Detected virtualization oracle.
[    6.564818] systemd[1]: Detected architecture x86-64.
[    6.685072] systemd[1]: Hostname set to <ftlinux>.
[    7.308392] systemd-system- (159) used greatest stack depth: 13352 bytes left
[    7.400475] systemd-fstab-g (153) used greatest stack depth: 13208 bytes left
[    8.449148] systemd[1]: Queued start job for default target Graphical Interface.
[    8.597958] systemd[1]: Created slice Slice /system/getty.
[    8.598482] systemd[1]: Created slice Slice /system/modprobe.
[    8.598936] systemd[1]: Created slice Slice /system/systemd-fsck.
[    8.599361] systemd[1]: Created slice User and Session Slice.
[    8.599753] systemd[1]: Started Dispatch Password Requests to Console Directory Watch.
[    8.600244] systemd[1]: Started Forward Password Requests to Wall Directory Watch.
[    8.600784] systemd[1]: Set up automount Arbitrary Executable File Formats File System Automount Point.
[    8.601661] systemd[1]: Reached target Path Units.
[    8.601995] systemd[1]: Reached target Remote File Systems.
[    8.602356] systemd[1]: Reached target Slice Units.
[    8.604562] systemd[1]: Listening on Process Core Dump Socket.
[    8.605001] systemd[1]: Listening on initctl Compatibility Named Pipe.
[    8.605462] systemd[1]: Listening on Journal Audit Socket.
[    8.605845] systemd[1]: Listening on Journal Socket (/dev/log).
[    8.606250] systemd[1]: Listening on Journal Socket.
[    8.606621] systemd[1]: Listening on Network Service Netlink Socket.
[    8.607042] systemd[1]: Listening on Userspace Out-Of-Memory (OOM) Killer Socket.
[    8.632007] systemd[1]: Listening on udev Control Socket.
[    8.634237] systemd[1]: Listening on udev Kernel Socket.
[    8.939946] systemd[1]: Mounting Huge Pages File System...
[    8.945155] systemd[1]: Mounting POSIX Message Queue File System...
[    8.946077] systemd[1]: Mounting Kernel Debug File System...
[    8.946811] systemd[1]: Mounting Kernel Trace File System...
[    9.357818] systemd[1]: Create List of Static Device Nodes was skipped because of a failed condition check (ConditionFileNotEmpty=/lib/modules/6.1.0-thor_kernel-00012-gb1dc51d3c71e/modules.devname).
[    9.437614] systemd[1]: Starting Load Kernel Module configfs...
[    9.441528] systemd[1]: Starting Load Kernel Module drm...
[    9.442365] systemd[1]: Starting Load Kernel Module fuse...
[    9.443075] systemd[1]: Starting File System Check on Root Device...
[    9.443534] systemd[1]: systemd-journald.service: unit configures an IP firewall, but the local system does not support BPF/cgroup firewalling.
[    9.443887] systemd[1]: (This warning is only shown for the first unit using IP firewalling.)
[    9.444432] systemd[1]: Starting Journal Service...
[    9.560304] systemd[1]: Load Kernel Modules was skipped because all trigger condition checks failed.
[    9.600088] systemd[1]: Starting Generate network units from Kernel command line...
[    9.601195] systemd[1]: Repartition Root Disk was skipped because all trigger condition checks failed.
[    9.602051] systemd[1]: Starting Apply Kernel Variables...
[    9.603003] systemd[1]: Starting Create Static Device Nodes in /dev...
[    9.604217] systemd[1]: Starting Coldplug All udev Devices...
[    9.606008] systemd[1]: Finished Generate network units from Kernel command line.
[    9.606679] systemd[1]: Reached target Preparation for Network.
[    9.782289] systemd[1]: Started Journal Service.
[   10.014259] udevadm (179) used greatest stack depth: 12896 bytes left
[   13.622505] EXT4-fs (sda4): re-mounted. Quota mode: none.
[   13.945378] systemd-journald[174]: Received client request to flush runtime journal.
[   14.036505] systemd-journald[174]: File /var/log/journal/7bcf601e35db41c8a51bf433f7157eb8/system.journal corrupted or uncleanly shut down, renaming and replacing.
[   15.577521] e1000 0000:00:03.0 enp0s3: renamed from eth0
[   16.121959] e1000: enp0s3 NIC Link is Up 1000 Mbps Full Duplex, Flow Control: RX
[   16.124552] IPv6: ADDRCONF(NETDEV_CHANGE): enp0s3: link becomes ready
[   16.458329] Adding 2097148k swap on /dev/sda3.  Priority:1 extents:1 across:2097148k 
[   17.117978] EXT4-fs (sda2): mounted filesystem with ordered data mode. Quota mode: none.
