[    0.000000] Linux version 6.1.0-rc5-next-20221117 (root@ftlinux) (gcc (GCC) 12.2.0, GNU ld (GNU Binutils) 2.39) #1 SMP PREEMPT_DYNAMIC Thu Nov 17 11:21:54 CET 2022
[    0.000000] Command line: BOOT_IMAGE=/vmlinuz-6.1.0-rc5-next-20221117 root=/dev/sda4 ro
[    0.000000] x86/fpu: Supporting XSAVE feature 0x001: 'x87 floating point registers'
[    0.000000] x86/fpu: Supporting XSAVE feature 0x002: 'SSE registers'
[    0.000000] x86/fpu: Supporting XSAVE feature 0x004: 'AVX registers'
[    0.000000] x86/fpu: xstate_offset[2]:  576, xstate_sizes[2]:  256
[    0.000000] x86/fpu: Enabled xstate features 0x7, context size is 832 bytes, using 'standard' format.
[    0.000000] signal: max sigframe size: 1776
[    0.000000] BIOS-provided physical RAM map:
[    0.000000] BIOS-e820: [mem 0x0000000000000000-0x000000000009fbff] usable
[    0.000000] BIOS-e820: [mem 0x000000000009fc00-0x000000000009ffff] reserved
[    0.000000] BIOS-e820: [mem 0x00000000000f0000-0x00000000000fffff] reserved
[    0.000000] BIOS-e820: [mem 0x0000000000100000-0x00000000dffeffff] usable
[    0.000000] BIOS-e820: [mem 0x00000000dfff0000-0x00000000dfffffff] ACPI data
[    0.000000] BIOS-e820: [mem 0x00000000fec00000-0x00000000fec00fff] reserved
[    0.000000] BIOS-e820: [mem 0x00000000fee00000-0x00000000fee00fff] reserved
[    0.000000] BIOS-e820: [mem 0x00000000fffc0000-0x00000000ffffffff] reserved
[    0.000000] BIOS-e820: [mem 0x0000000100000000-0x000000015fffffff] usable
[    0.000000] NX (Execute Disable) protection: active
[    0.000000] SMBIOS 2.5 present.
[    0.000000] DMI: innotek GmbH VirtualBox/VirtualBox, BIOS VirtualBox 12/01/2006
[    0.000000] Hypervisor detected: KVM
[    0.000000] kvm-clock: Using msrs 4b564d01 and 4b564d00
[    0.000001] kvm-clock: using sched offset of 8404672271 cycles
[    0.000003] clocksource: kvm-clock: mask: 0xffffffffffffffff max_cycles: 0x1cd42e4dffb, max_idle_ns: 881590591483 ns
[    0.000005] tsc: Detected 2111.998 MHz processor
[    0.000393] e820: update [mem 0x00000000-0x00000fff] usable ==> reserved
[    0.000394] e820: remove [mem 0x000a0000-0x000fffff] usable
[    0.000397] last_pfn = 0x160000 max_arch_pfn = 0x400000000
[    0.000404] Disabled
[    0.000405] x86/PAT: Configuration [0-7]: WB  WC  UC- UC  WB  WP  UC- WT  
[    0.000419] last_pfn = 0xdfff0 max_arch_pfn = 0x400000000
[    0.000450] found SMP MP-table at [mem 0x0009fff0-0x0009ffff]
[    0.000778] ACPI: Early table checksum verification disabled
[    0.000781] ACPI: RSDP 0x00000000000E0000 000024 (v02 VBOX  )
[    0.000784] ACPI: XSDT 0x00000000DFFF0030 00003C (v01 VBOX   VBOXXSDT 00000001 ASL  00000061)
[    0.000787] ACPI: FACP 0x00000000DFFF00F0 0000F4 (v04 VBOX   VBOXFACP 00000001 ASL  00000061)
[    0.000790] ACPI: DSDT 0x00000000DFFF04C0 002325 (v02 VBOX   VBOXBIOS 00000002 INTL 20200925)
[    0.000792] ACPI: FACS 0x00000000DFFF0200 000040
[    0.000794] ACPI: FACS 0x00000000DFFF0200 000040
[    0.000795] ACPI: APIC 0x00000000DFFF0240 0000AC (v02 VBOX   VBOXAPIC 00000001 ASL  00000061)
[    0.000797] ACPI: SSDT 0x00000000DFFF02F0 0001CC (v01 VBOX   VBOXCPUT 00000002 INTL 20200925)
[    0.000799] ACPI: Reserving FACP table memory at [mem 0xdfff00f0-0xdfff01e3]
[    0.000799] ACPI: Reserving DSDT table memory at [mem 0xdfff04c0-0xdfff27e4]
[    0.000800] ACPI: Reserving FACS table memory at [mem 0xdfff0200-0xdfff023f]
[    0.000800] ACPI: Reserving FACS table memory at [mem 0xdfff0200-0xdfff023f]
[    0.000801] ACPI: Reserving APIC table memory at [mem 0xdfff0240-0xdfff02eb]
[    0.000801] ACPI: Reserving SSDT table memory at [mem 0xdfff02f0-0xdfff04bb]
[    0.000918] No NUMA configuration found
[    0.000918] Faking a node at [mem 0x0000000000000000-0x000000015fffffff]
[    0.000920] NODE_DATA(0) allocated [mem 0x15fff8000-0x15fffbfff]
[    0.000926] Zone ranges:
[    0.000927]   DMA      [mem 0x0000000000001000-0x0000000000ffffff]
[    0.000928]   DMA32    [mem 0x0000000001000000-0x00000000ffffffff]
[    0.000928]   Normal   [mem 0x0000000100000000-0x000000015fffffff]
[    0.000929] Movable zone start for each node
[    0.000929] Early memory node ranges
[    0.000930]   node   0: [mem 0x0000000000001000-0x000000000009efff]
[    0.000930]   node   0: [mem 0x0000000000100000-0x00000000dffeffff]
[    0.000931]   node   0: [mem 0x0000000100000000-0x000000015fffffff]
[    0.000932] Initmem setup node 0 [mem 0x0000000000001000-0x000000015fffffff]
[    0.001222] On node 0, zone DMA: 1 pages in unavailable ranges
[    0.001235] On node 0, zone DMA: 97 pages in unavailable ranges
[    0.014728] On node 0, zone Normal: 16 pages in unavailable ranges
[    0.014986] ACPI: PM-Timer IO Port: 0x4008
[    0.015024] IOAPIC[0]: apic_id 12, version 32, address 0xfec00000, GSI 0-23
[    0.015026] ACPI: INT_SRC_OVR (bus 0 bus_irq 0 global_irq 2 dfl dfl)
[    0.015027] ACPI: INT_SRC_OVR (bus 0 bus_irq 9 global_irq 9 low level)
[    0.015030] ACPI: Using ACPI (MADT) for SMP configuration information
[    0.015035] smpboot: Allowing 12 CPUs, 0 hotplug CPUs
[    0.015049] PM: hibernation: Registered nosave memory: [mem 0x00000000-0x00000fff]
[    0.015050] PM: hibernation: Registered nosave memory: [mem 0x0009f000-0x0009ffff]
[    0.015051] PM: hibernation: Registered nosave memory: [mem 0x000a0000-0x000effff]
[    0.015051] PM: hibernation: Registered nosave memory: [mem 0x000f0000-0x000fffff]
[    0.015051] PM: hibernation: Registered nosave memory: [mem 0xdfff0000-0xdfffffff]
[    0.015052] PM: hibernation: Registered nosave memory: [mem 0xe0000000-0xfebfffff]
[    0.015052] PM: hibernation: Registered nosave memory: [mem 0xfec00000-0xfec00fff]
[    0.015052] PM: hibernation: Registered nosave memory: [mem 0xfec01000-0xfedfffff]
[    0.015053] PM: hibernation: Registered nosave memory: [mem 0xfee00000-0xfee00fff]
[    0.015053] PM: hibernation: Registered nosave memory: [mem 0xfee01000-0xfffbffff]
[    0.015053] PM: hibernation: Registered nosave memory: [mem 0xfffc0000-0xffffffff]
[    0.015054] [mem 0xe0000000-0xfebfffff] available for PCI devices
[    0.015055] Booting paravirtualized kernel on KVM
[    0.015056] clocksource: refined-jiffies: mask: 0xffffffff max_cycles: 0xffffffff, max_idle_ns: 1910969940391419 ns
[    0.019395] setup_percpu: NR_CPUS:64 nr_cpumask_bits:12 nr_cpu_ids:12 nr_node_ids:1
[    0.020049] percpu: Embedded 54 pages/cpu s180712 r8192 d32280 u262144
[    0.020053] pcpu-alloc: s180712 r8192 d32280 u262144 alloc=1*2097152
[    0.020055] pcpu-alloc: [0] 00 01 02 03 04 05 06 07 [0] 08 09 10 11 -- -- -- -- 
[    0.020069] Fallback order for Node 0: 0 
[    0.020071] Built 1 zonelists, mobility grouping on.  Total pages: 1289968
[    0.020072] Policy zone: Normal
[    0.020072] Kernel command line: BOOT_IMAGE=/vmlinuz-6.1.0-rc5-next-20221117 root=/dev/sda4 ro
[    0.020088] Unknown kernel command line parameters "BOOT_IMAGE=/vmlinuz-6.1.0-rc5-next-20221117", will be passed to user space.
[    0.020102] random: crng init done
[    0.021369] Dentry cache hash table entries: 1048576 (order: 11, 8388608 bytes, linear)
[    0.022031] Inode-cache hash table entries: 524288 (order: 10, 4194304 bytes, linear)
[    0.022172] mem auto-init: stack:all(zero), heap alloc:off, heap free:off
[    0.022176] software IO TLB: area num 16.
[    0.049250] Memory: 5039276K/5242424K available (18432K kernel code, 2680K rwdata, 6304K rodata, 2492K init, 1844K bss, 202888K reserved, 0K cma-reserved)
[    0.049275] SLUB: HWalign=64, Order=0-3, MinObjects=0, CPUs=12, Nodes=1
[    0.049281] Kernel/User page tables isolation: enabled
[    0.050091] Dynamic Preempt: voluntary
[    0.050372] rcu: Preemptible hierarchical RCU implementation.
[    0.050372] rcu: 	RCU event tracing is enabled.
[    0.050373] rcu: 	RCU restricting CPUs from NR_CPUS=64 to nr_cpu_ids=12.
[    0.050374] 	Trampoline variant of Tasks RCU enabled.
[    0.050374] rcu: RCU calculated value of scheduler-enlistment delay is 100 jiffies.
[    0.050375] rcu: Adjusting geometry for rcu_fanout_leaf=16, nr_cpu_ids=12
[    0.051322] NR_IRQS: 4352, nr_irqs: 520, preallocated irqs: 16
[    0.051480] rcu: srcu_init: Setting srcu_struct sizes based on contention.
[    0.055478] Console: colour VGA+ 80x25
[    0.075340] printk: console [tty0] enabled
[    0.075487] ACPI: Core revision 20221020
[    0.075683] APIC: Switch to symmetric I/O mode setup
[    0.075865] Switched APIC routing to physical flat.
[    0.076864] ..TIMER: vector=0x30 apic1=0 pin1=2 apic2=-1 pin2=-1
[    0.077050] clocksource: tsc-early: mask: 0xffffffffffffffff max_cycles: 0x1e71768ef8b, max_idle_ns: 440795218977 ns
[    0.077335] Calibrating delay loop (skipped) preset value.. 4223.99 BogoMIPS (lpj=2111998)
[    0.077573] pid_max: default: 32768 minimum: 301
[    0.077726] LSM: initializing lsm=capability,integrity,selinux
[    0.077898] SELinux:  Initializing.
[    0.078043] Mount-cache hash table entries: 16384 (order: 5, 131072 bytes, linear)
[    0.078277] Mountpoint-cache hash table entries: 16384 (order: 5, 131072 bytes, linear)
[    0.079473] Last level iTLB entries: 4KB 0, 2MB 0, 4MB 0
[    0.079633] Last level dTLB entries: 4KB 0, 2MB 0, 4MB 0, 1GB 0
[    0.079804] Spectre V1 : Mitigation: usercopy/swapgs barriers and __user pointer sanitization
[    0.080046] Spectre V2 : Mitigation: Retpolines
[    0.080190] Spectre V2 : Spectre v2 / SpectreRSB mitigation: Filling RSB on context switch
[    0.080332] Spectre V2 : Spectre v2 / SpectreRSB : Filling RSB on VMEXIT
[    0.080332] Speculative Store Bypass: Vulnerable
[    0.080332] MDS: Mitigation: Clear CPU buffers
[    0.091565] Freeing SMP alternatives memory: 44K
[    0.195287] smpboot: CPU0: 12th Gen Intel(R) Core(TM) i7-12700 (family: 0x6, model: 0x97, stepping: 0x2)
[    0.195332] cblist_init_generic: Setting adjustable number of callback queues.
[    0.195332] cblist_init_generic: Setting shift to 4 and lim to 1.
[    0.195332] Performance Events: unsupported p6 CPU model 151 no PMU driver, software events only.
[    0.195332] rcu: Hierarchical SRCU implementation.
[    0.195332] rcu: 	Max phase no-delay instances is 400.
[    0.195604] smp: Bringing up secondary CPUs ...
[    0.195783] x86: Booting SMP configuration:
[    0.195915] .... node  #0, CPUs:        #1  #2  #3  #4  #5  #6  #7  #8  #9 #10 #11
[    0.213652] smp: Brought up 1 node, 12 CPUs
[    0.214332] smpboot: Max logical packages: 1
[    0.214474] smpboot: Total of 12 processors activated (50687.95 BogoMIPS)
[    0.215378] devtmpfs: initialized
[    0.215563] clocksource: jiffies: mask: 0xffffffff max_cycles: 0xffffffff, max_idle_ns: 1911260446275000 ns
[    0.215640] futex hash table entries: 4096 (order: 6, 262144 bytes, linear)
[    0.215920] PM: RTC time: 10:29:44, date: 2022-11-17
[    0.216545] NET: Registered PF_NETLINK/PF_ROUTE protocol family
[    0.216758] audit: initializing netlink subsys (disabled)
[    0.216951] audit: type=2000 audit(1668680994.794:1): state=initialized audit_enabled=0 res=1
[    0.216951] thermal_sys: Registered thermal governor 'step_wise'
[    0.217334] thermal_sys: Registered thermal governor 'user_space'
[    0.218143] cpuidle: using governor menu
[    0.218332] PCI: Using configuration type 1 for base access
[    0.218332] kprobes: kprobe jump-optimization is enabled. All kprobes are optimized if possible.
[    0.226654] HugeTLB: registered 2.00 MiB page size, pre-allocated 0 pages
[    0.226654] HugeTLB: 28 KiB vmemmap can be freed for a 2.00 MiB page
[    0.227370] ACPI: Added _OSI(Module Device)
[    0.227514] ACPI: Added _OSI(Processor Device)
[    0.227671] ACPI: Added _OSI(3.0 _SCP Extensions)
[    0.227849] ACPI: Added _OSI(Processor Aggregator Device)
[    0.228777] ACPI: 2 ACPI AML tables successfully acquired and loaded
[    0.263575] ACPI: Interpreter enabled
[    0.263594] ACPI: PM: (supports S0 S5)
[    0.263739] ACPI: Using IOAPIC for interrupt routing
[    0.264001] PCI: Using host bridge windows from ACPI; if necessary, use "pci=nocrs" and report a bug
[    0.264332] PCI: Using E820 reservations for host bridge windows
[    0.264577] ACPI: Enabled 2 GPEs in block 00 to 07
[    0.266725] ACPI: PCI Root Bridge [PCI0] (domain 0000 [bus 00-ff])
[    0.266933] acpi PNP0A03:00: _OSC: OS supports [ASPM ClockPM Segments MSI HPX-Type3]
[    0.267206] acpi PNP0A03:00: _OSC: not requesting OS control; OS requires [ExtendedConfig ASPM ClockPM MSI]
[    0.267465] acpi PNP0A03:00: fail to add MMCONFIG information, can't access extended PCI configuration space under this bridge.
[    0.267862] PCI host bridge to bus 0000:00
[    0.268022] pci_bus 0000:00: root bus resource [io  0x0000-0x0cf7 window]
[    0.268332] pci_bus 0000:00: root bus resource [io  0x0d00-0xffff window]
[    0.268542] pci_bus 0000:00: root bus resource [mem 0x000a0000-0x000bffff window]
[    0.268793] pci_bus 0000:00: root bus resource [mem 0xe0000000-0xfdffffff window]
[    0.269053] pci_bus 0000:00: root bus resource [bus 00-ff]
[    0.269399] pci 0000:00:00.0: [8086:1237] type 00 class 0x060000
[    0.269872] pci 0000:00:01.0: [8086:7000] type 00 class 0x060100
[    0.270458] pci 0000:00:01.1: [8086:7111] type 00 class 0x01018a
[    0.270852] pci 0000:00:01.1: reg 0x20: [io  0xd000-0xd00f]
[    0.271137] pci 0000:00:01.1: legacy IDE quirk: reg 0x10: [io  0x01f0-0x01f7]
[    0.271332] pci 0000:00:01.1: legacy IDE quirk: reg 0x14: [io  0x03f6]
[    0.271332] pci 0000:00:01.1: legacy IDE quirk: reg 0x18: [io  0x0170-0x0177]
[    0.271550] pci 0000:00:01.1: legacy IDE quirk: reg 0x1c: [io  0x0376]
[    0.271843] pci 0000:00:02.0: [15ad:0405] type 00 class 0x030000
[    0.273361] pci 0000:00:02.0: reg 0x10: [io  0xd010-0xd01f]
[    0.276345] pci 0000:00:02.0: reg 0x14: [mem 0xe0000000-0xe0ffffff pref]
[    0.279657] pci 0000:00:02.0: reg 0x18: [mem 0xf0000000-0xf01fffff]
[    0.289539] pci 0000:00:02.0: Video device with shadowed ROM at [mem 0x000c0000-0x000dffff]
[    0.290515] pci 0000:00:03.0: [8086:100e] type 00 class 0x020000
[    0.291402] pci 0000:00:03.0: reg 0x10: [mem 0xf0200000-0xf021ffff]
[    0.294365] pci 0000:00:03.0: reg 0x18: [io  0xd020-0xd027]
[    0.301852] pci 0000:00:04.0: [80ee:cafe] type 00 class 0x088000
[    0.303537] pci 0000:00:04.0: reg 0x10: [io  0xd040-0xd05f]
[    0.307398] pci 0000:00:04.0: reg 0x14: [mem 0xf0400000-0xf07fffff]
[    0.308489] pci 0000:00:04.0: reg 0x18: [mem 0xf0800000-0xf0803fff pref]
[    0.316592] pci 0000:00:05.0: [8086:2415] type 00 class 0x040100
[    0.317429] pci 0000:00:05.0: reg 0x10: [io  0xd100-0xd1ff]
[    0.317777] pci 0000:00:05.0: reg 0x14: [io  0xd200-0xd23f]
[    0.318823] pci 0000:00:06.0: [106b:003f] type 00 class 0x0c0310
[    0.319421] pci 0000:00:06.0: reg 0x10: [mem 0xf0804000-0xf0804fff]
[    0.342351] pci 0000:00:07.0: [8086:7113] type 00 class 0x068000
[    0.348236] pci 0000:00:07.0: quirk: [io  0x4000-0x403f] claimed by PIIX4 ACPI
[    0.349358] pci 0000:00:07.0: quirk: [io  0x4100-0x410f] claimed by PIIX4 SMB
[    0.350916] pci 0000:00:0b.0: [8086:265c] type 00 class 0x0c0320
[    0.356562] pci 0000:00:0b.0: reg 0x10: [mem 0xf0805000-0xf0805fff]
[    0.370041] pci 0000:00:0d.0: [8086:2829] type 00 class 0x010601
[    0.370332] pci 0000:00:0d.0: reg 0x10: [io  0xd240-0xd247]
[    0.372357] pci 0000:00:0d.0: reg 0x14: [io  0xd248-0xd24b]
[    0.375362] pci 0000:00:0d.0: reg 0x18: [io  0xd250-0xd257]
[    0.378376] pci 0000:00:0d.0: reg 0x1c: [io  0xd258-0xd25b]
[    0.380437] pci 0000:00:0d.0: reg 0x20: [io  0xd260-0xd26f]
[    0.384362] pci 0000:00:0d.0: reg 0x24: [mem 0xf0806000-0xf0807fff]
[    0.386384] ACPI: PCI: Interrupt link LNKA configured for IRQ 11
[    0.386688] ACPI: PCI: Interrupt link LNKB configured for IRQ 10
[    0.386940] ACPI: PCI: Interrupt link LNKC configured for IRQ 9
[    0.387354] ACPI: PCI: Interrupt link LNKD configured for IRQ 11
[    0.387675] iommu: Default domain type: Translated 
[    0.387856] iommu: DMA domain TLB invalidation policy: lazy mode 
[    0.388134] SCSI subsystem initialized
[    0.389361] libata version 3.00 loaded.
[    0.389383] ACPI: bus type USB registered
[    0.389575] usbcore: registered new interface driver usbfs
[    0.389792] usbcore: registered new interface driver hub
[    0.390009] usbcore: registered new device driver usb
[    0.390232] pps_core: LinuxPPS API ver. 1 registered
[    0.390334] pps_core: Software ver. 5.3.6 - Copyright 2005-2007 Rodolfo Giometti <giometti@linux.it>
[    0.390684] PTP clock support registered
[    0.390890] Advanced Linux Sound Architecture Driver Initialized.
[    0.391430] NetLabel: Initializing
[    0.391583] NetLabel:  domain hash size = 128
[    0.391745] NetLabel:  protocols = UNLABELED CIPSOv4 CALIPSO
[    0.391967] NetLabel:  unlabeled traffic allowed by default
[    0.392346] PCI: Using ACPI for IRQ routing
[    0.392346] PCI: pci_cache_line_size set to 64 bytes
[    0.392462] e820: reserve RAM buffer [mem 0x0009fc00-0x0009ffff]
[    0.392465] e820: reserve RAM buffer [mem 0xdfff0000-0xdfffffff]
[    0.392482] pci 0000:00:02.0: vgaarb: setting as boot VGA device
[    0.392549] pci 0000:00:02.0: vgaarb: bridge control possible
[    0.392737] pci 0000:00:02.0: vgaarb: VGA device added: decodes=io+mem,owns=io+mem,locks=none
[    0.393333] vgaarb: loaded
[    0.393633] clocksource: Switched to clocksource kvm-clock
[    0.400272] VFS: Disk quotas dquot_6.6.0
[    0.400468] VFS: Dquot-cache hash table entries: 512 (order 0, 4096 bytes)
[    0.400699] pnp: PnP ACPI init
[    0.401201] pnp: PnP ACPI: found 3 devices
[    0.410141] clocksource: acpi_pm: mask: 0xffffff max_cycles: 0xffffff, max_idle_ns: 2085701024 ns
[    0.410437] NET: Registered PF_INET protocol family
[    0.410663] IP idents hash table entries: 131072 (order: 8, 1048576 bytes, linear)
[    0.411136] tcp_listen_portaddr_hash hash table entries: 4096 (order: 4, 65536 bytes, linear)
[    0.411136] Table-perturb hash table entries: 65536 (order: 6, 262144 bytes, linear)
[    0.411136] TCP established hash table entries: 65536 (order: 7, 524288 bytes, linear)
[    0.412827] TCP bind hash table entries: 65536 (order: 9, 2097152 bytes, linear)
[    0.413526] TCP: Hash tables configured (established 65536 bind 65536)
[    0.413755] UDP hash table entries: 4096 (order: 5, 131072 bytes, linear)
[    0.413966] UDP-Lite hash table entries: 4096 (order: 5, 131072 bytes, linear)
[    0.414234] NET: Registered PF_UNIX/PF_LOCAL protocol family
[    0.414759] RPC: Registered named UNIX socket transport module.
[    0.414948] RPC: Registered udp transport module.
[    0.415108] RPC: Registered tcp transport module.
[    0.415269] RPC: Registered tcp NFSv4.1 backchannel transport module.
[    0.415861] pci_bus 0000:00: resource 4 [io  0x0000-0x0cf7 window]
[    0.416056] pci_bus 0000:00: resource 5 [io  0x0d00-0xffff window]
[    0.416247] pci_bus 0000:00: resource 6 [mem 0x000a0000-0x000bffff window]
[    0.416453] pci_bus 0000:00: resource 7 [mem 0xe0000000-0xfdffffff window]
[    0.416676] pci 0000:00:00.0: Limiting direct PCI/PCI transfers
[    0.417800] PCI: CLS 0 bytes, default 64
[    0.417959] PCI-DMA: Using software bounce buffering for IO (SWIOTLB)
[    0.418179] software IO TLB: mapped [mem 0x00000000dbff0000-0x00000000dfff0000] (64MB)
[    0.419710] RAPL PMU: API unit is 2^-32 Joules, 0 fixed counters, 10737418240 ms ovfl timer
[    0.419985] clocksource: tsc: mask: 0xffffffffffffffff max_cycles: 0x1e71768ef8b, max_idle_ns: 440795218977 ns
[    0.420748] clocksource: Switched to clocksource tsc
[    0.421172] platform rtc_cmos: registered platform RTC device (no PNP device found)
[    0.426260] Initialise system trusted keyrings
[    0.426627] workingset: timestamp_bits=56 max_order=21 bucket_order=0
[    0.427092] NFS: Registering the id_resolver key type
[    0.427270] Key type id_resolver registered
[    0.427420] Key type id_legacy registered
[    0.427694] 9p: Installing v9fs 9p2000 file system support
[    0.432414] Key type asymmetric registered
[    0.432414] Asymmetric key parser 'x509' registered
[    0.432414] Block layer SCSI generic (bsg) driver version 0.4 loaded (major 251)
[    0.432414] io scheduler mq-deadline registered
[    0.432414] io scheduler kyber registered
[    0.436317] ACPI: AC: AC Adapter [AC] (on-line)
[    0.436516] input: Power Button as /devices/LNXSYSTM:00/LNXPWRBN:00/input/input0
[    0.436826] ACPI: button: Power Button [PWRF]
[    0.437005] input: Sleep Button as /devices/LNXSYSTM:00/LNXSLPBN:00/input/input1
[    0.437253] ACPI: button: Sleep Button [SLPF]
[    0.437460] ACPI: video: Video Device [GFX0] (multi-head: yes  rom: no  post: no)
[    0.437715] input: Video Bus as /devices/LNXSYSTM:00/LNXSYBUS:00/PNP0A03:00/LNXVIDEO:00/input/input2
[    0.438439] Serial: 8250/16550 driver, 4 ports, IRQ sharing enabled
[    0.438686] 00:02: ttyS0 at I/O 0x3f8 (irq = 4, base_baud = 115200) is a 16550A
[    0.439225] Non-volatile memory driver v1.3
[    0.439373] Linux agpgart interface v0.103
[    0.439564] ACPI: bus type drm_connector registered
[    0.442860] loop: module loaded
[    0.443024] ahci 0000:00:0d.0: version 3.0
[    0.443287] ahci 0000:00:0d.0: SSS flag set, parallel bus scan disabled
[    0.443645] ahci 0000:00:0d.0: AHCI 0001.0100 32 slots 3 ports 3 Gbps 0x7 impl SATA mode
[    0.443905] ahci 0000:00:0d.0: flags: 64bit ncq stag only ccc 
[    0.444643] scsi host0: ahci
[    0.445124] scsi host1: ahci
[    0.445559] scsi host2: ahci
[    0.446059] ata1: SATA max UDMA/133 abar m8192@0xf0806000 port 0xf0806100 irq 21
[    0.446301] ata2: SATA max UDMA/133 abar m8192@0xf0806000 port 0xf0806180 irq 21
[    0.446554] ata3: SATA max UDMA/133 abar m8192@0xf0806000 port 0xf0806200 irq 21
[    0.446846] ata_piix 0000:00:01.1: version 2.13
[    0.447466] scsi host3: ata_piix
[    0.447836] scsi host4: ata_piix
[    0.447980] ata4: PATA max UDMA/33 cmd 0x1f0 ctl 0x3f6 bmdma 0xd000 irq 14
[    0.448184] ata5: PATA max UDMA/33 cmd 0x170 ctl 0x376 bmdma 0xd008 irq 15
[    0.448491] e100: Intel(R) PRO/100 Network Driver
[    0.448780] e100: Copyright(c) 1999-2006 Intel Corporation
[    0.449022] e1000: Intel(R) PRO/1000 Network Driver
[    0.449194] e1000: Copyright (c) 1999-2006 Intel Corporation.
[    0.605514] ata4.00: ATAPI: VBOX CD-ROM, 1.0, max UDMA/133
[    0.755498] ata1: SATA link down (SStatus 0 SControl 300)
[    0.984912] e1000 0000:00:03.0 eth0: (PCI:33MHz:32-bit) 08:00:27:a1:53:d2
[    0.985148] e1000 0000:00:03.0 eth0: Intel(R) PRO/1000 Network Connection
[    0.985359] e1000e: Intel(R) PRO/1000 Network Driver
[    0.985432] e1000e: Copyright(c) 1999 - 2015 Intel Corporation.
[    0.985432] sky2: driver version 1.30
[    0.986537] ohci-pci 0000:00:06.0: OHCI PCI host controller
[    0.986933] ohci-pci 0000:00:06.0: new USB bus registered, assigned bus number 1
[    0.987216] ohci-pci 0000:00:06.0: irq 22, io mem 0xf0804000
[    1.039843] usb usb1: New USB device found, idVendor=1d6b, idProduct=0001, bcdDevice= 6.01
[    1.041535] usb usb1: New USB device strings: Mfr=3, Product=2, SerialNumber=1
[    1.042515] usb usb1: Product: OHCI PCI host controller
[    1.042515] usb usb1: Manufacturer: Linux 6.1.0-rc5-next-20221117 ohci_hcd
[    1.042515] usb usb1: SerialNumber: 0000:00:06.0
[    1.046879] hub 1-0:1.0: USB hub found
[    1.048205] hub 1-0:1.0: 12 ports detected
[    1.050233] usbcore: registered new interface driver usblp
[    1.050318] ehci-pci 0000:00:0b.0: EHCI Host Controller
[    1.051097] usbcore: registered new interface driver usb-storage
[    1.051168] i8042: PNP: PS/2 Controller [PNP0303:PS2K,PNP0f03:PS2M] at 0x60,0x64 irq 1,12
[    1.052970] ehci-pci 0000:00:0b.0: new USB bus registered, assigned bus number 2
[    1.054875] serio: i8042 KBD port at 0x60,0x64 irq 1
[    1.055716] ehci-pci 0000:00:0b.0: irq 19, io mem 0xf0805000
[    1.055918] serio: i8042 AUX port at 0x60,0x64 irq 12
[    1.057931] input: AT Translated Set 2 keyboard as /devices/platform/i8042/serio0/input/input3
[    1.058146] rtc_cmos rtc_cmos: registered as rtc0
[    1.058883] rtc_cmos rtc_cmos: alarms up to one day, 114 bytes nvram
[    1.059247] fail to initialize ptp_kvm
[    1.059446] device-mapper: ioctl: 4.47.0-ioctl (2022-07-28) initialised: dm-devel@redhat.com
[    1.060326] intel_pstate: CPU model not supported
[    1.060717] hid: raw HID events driver (C) Jiri Kosina
[    1.061147] usbcore: registered new interface driver usbhid
[    1.061533] usbhid: USB HID core driver
[    1.062477] ehci-pci 0000:00:0b.0: USB 2.0 started, EHCI 1.00
[    1.062992] Initializing XFRM netlink socket
[    1.063161] usb usb2: New USB device found, idVendor=1d6b, idProduct=0002, bcdDevice= 6.01
[    1.063308] NET: Registered PF_INET6 protocol family
[    1.063559] usb usb2: New USB device strings: Mfr=3, Product=2, SerialNumber=1
[    1.064075] usb usb2: Product: EHCI Host Controller
[    1.064255] usb usb2: Manufacturer: Linux 6.1.0-rc5-next-20221117 ehci_hcd
[    1.064452] Segment Routing with IPv6
[    1.064525] usb usb2: SerialNumber: 0000:00:0b.0
[    1.064661] In-situ OAM (IOAM) with IPv6
[    1.064981] sit: IPv6, IPv4 and MPLS over IPv4 tunneling driver
[    1.064995] hub 2-0:1.0: USB hub found
[    1.065221] NET: Registered PF_PACKET protocol family
[    1.065299] hub 2-0:1.0: 12 ports detected
[    1.065359] 9pnet: Installing 9P2000 support
[    1.065937] Key type dns_resolver registered
[    1.067550] IPI shorthand broadcast: enabled
[    1.068210] ata2: SATA link up 3.0 Gbps (SStatus 123 SControl 300)
[    1.068520] ata2.00: ATA-6: VBOX HARDDISK, 1.0, max UDMA/133
[    1.068701] ata2.00: 41943040 sectors, multi 128: LBA48 NCQ (depth 32)
[    1.068716] sched_clock: Marking stable (1042852295, 25546354)->(1088979949, -20581300)
[    1.069253] ata2.00: configured for UDMA/133
[    1.069686] scsi 1:0:0:0: Direct-Access     ATA      VBOX HARDDISK    1.0  PQ: 0 ANSI: 5
[    1.069695] registered taskstats version 1
[    1.070328] Loading compiled-in X.509 certificates
[    1.070501] sd 1:0:0:0: [sda] 41943040 512-byte logical blocks: (21.5 GB/20.0 GiB)
[    1.070508] sd 1:0:0:0: Attached scsi generic sg0 type 0
[    1.071221] sd 1:0:0:0: [sda] Write Protect is off
[    1.071417] sd 1:0:0:0: [sda] Mode Sense: 00 3a 00 00
[    1.071428] sd 1:0:0:0: [sda] Write cache: enabled, read cache: enabled, doesn't support DPO or FUA
[    1.071516] cryptomgr_test (113) used greatest stack depth: 15080 bytes left
[    1.071903] sd 1:0:0:0: [sda] Preferred minimum I/O size 512 bytes
[    1.075929] PM:   Magic number: 14:294:477
[    1.076143] printk: console [netcon0] enabled
[    1.076567] netconsole: network logging started
[    1.077638] cfg80211: Loading compiled-in X.509 certificates for regulatory database
[    1.078701] kworker/u24:1 (136) used greatest stack depth: 14192 bytes left
[    1.079538] cfg80211: Loaded X.509 cert 'sforshee: 00b28ddf47aef9cea7'
[    1.079918] platform regulatory.0: Direct firmware load for regulatory.db failed with error -2
[    1.079949]  sda: sda1 sda2 sda3 sda4
[    1.080282] cfg80211: failed to load regulatory.db
[    1.080897] ALSA device list:
[    1.083040]   No soundcards found.
[    1.083150] sd 1:0:0:0: [sda] Attached SCSI disk
[    1.281455] input: ImExPS/2 Generic Explorer Mouse as /devices/platform/i8042/serio1/input/input5
[    1.360477] usb 1-1: new full-speed USB device number 2 using ohci-pci
[    1.380777] ata3: SATA link down (SStatus 0 SControl 300)
[    1.382511] scsi 3:0:0:0: CD-ROM            VBOX     CD-ROM           1.0  PQ: 0 ANSI: 5
[    1.411400] sr 3:0:0:0: [sr0] scsi3-mmc drive: 32x/32x xa/form2 tray
[    1.411597] cdrom: Uniform CD-ROM driver Revision: 3.20
[    1.453209] sr 3:0:0:0: Attached scsi CD-ROM sr0
[    1.453426] sr 3:0:0:0: Attached scsi generic sg1 type 5
[    1.453964] md: Waiting for all devices to be available before autodetect
[    1.454339] md: If you don't use raid, use raid=noautodetect
[    1.454662] md: Autodetecting RAID arrays.
[    1.454927] md: autorun ...
[    1.455144] md: ... autorun DONE.
[    1.508206] EXT4-fs (sda4): mounted filesystem with ordered data mode. Quota mode: none.
[    1.508591] VFS: Mounted root (ext4 filesystem) readonly on device 8:4.
[    1.526083] devtmpfs: mounted
[    1.530236] Freeing unused kernel image (initmem) memory: 2492K
[    1.531994] Write protecting the kernel read-only data: 26624k
[    1.533530] Freeing unused kernel image (rodata/data gap) memory: 1888K
[    1.574541] x86/mm: Checked W+X mappings: passed, no W+X pages found.
[    1.574722] x86/mm: Checking user space page tables
[    1.601821] x86/mm: Checked W+X mappings: passed, no W+X pages found.
[    1.602580] Run /sbin/init as init process
[    1.603216]   with arguments:
[    1.603216]     /sbin/init
[    1.603216]   with environment:
[    1.603217]     HOME=/
[    1.603217]     TERM=linux
[    1.603218]     BOOT_IMAGE=/vmlinuz-6.1.0-rc5-next-20221117
[    1.645400] usb 1-1: New USB device found, idVendor=80ee, idProduct=0021, bcdDevice= 1.00
[    1.645933] usb 1-1: New USB device strings: Mfr=1, Product=3, SerialNumber=0
[    1.646375] usb 1-1: Product: USB Tablet
[    1.646648] usb 1-1: Manufacturer: VirtualBox
[    1.658320] input: VirtualBox USB Tablet as /devices/pci0000:00/0000:00:06.0/usb1/1-1/1-1:1.0/0003:80EE:0021.0001/input/input6
[    1.659667] hid-generic 0003:80EE:0021.0001: input,hidraw0: USB HID v1.10 Mouse [VirtualBox USB Tablet] on usb-0000:00:06.0-1/input0
[    3.758095] systemd[1]: RTC configured in localtime, applying delta of 60 minutes to system time.
[    3.775091] systemd[1]: systemd 251 running in system mode (-PAM -AUDIT -SELINUX -APPARMOR +IMA +SMACK -SECCOMP -GCRYPT -GNUTLS +OPENSSL +ACL +BLKID -CURL -ELFUTILS -FIDO2 -IDN2 -IDN -IPTC +KMOD -LIBCRYPTSETUP +LIBFDISK -PCRE2 -PWQUALITY -P11KIT -QRENCODE -TPM2 +BZIP2 -LZ4 +XZ +ZLIB +ZSTD -BPF_FRAMEWORK -XKBCOMMON +UTMP +SYSVINIT default-hierarchy=unified)
[    3.775873] systemd[1]: Detected virtualization oracle.
[    3.776032] systemd[1]: Detected architecture x86-64.
[    3.880606] systemd[1]: Hostname set to <ftlinux>.
[    4.164706] systemd-run-gen (155) used greatest stack depth: 13320 bytes left
[    4.256026] systemd-fstab-g (150) used greatest stack depth: 13184 bytes left
[    4.822758] systemd[1]: Queued start job for default target Graphical Interface.
[    5.067660] systemd[1]: Created slice Slice /system/getty.
[    5.070340] systemd[1]: Created slice Slice /system/modprobe.
[    5.072461] systemd[1]: Created slice Slice /system/systemd-fsck.
[    5.072941] systemd[1]: Created slice User and Session Slice.
[    5.073413] systemd[1]: Started Dispatch Password Requests to Console Directory Watch.
[    5.073889] systemd[1]: Started Forward Password Requests to Wall Directory Watch.
[    5.074395] systemd[1]: Set up automount Arbitrary Executable File Formats File System Automount Point.
[    5.074885] systemd[1]: Reached target Path Units.
[    5.075198] systemd[1]: Reached target Remote File Systems.
[    5.075553] systemd[1]: Reached target Slice Units.
[    5.078518] systemd[1]: Listening on Process Core Dump Socket.
[    5.079434] systemd[1]: Listening on initctl Compatibility Named Pipe.
[    5.080377] systemd[1]: Listening on Journal Audit Socket.
[    5.081128] systemd[1]: Listening on Journal Socket (/dev/log).
[    5.081830] systemd[1]: Listening on Journal Socket.
[    5.082244] systemd[1]: Listening on Network Service Netlink Socket.
[    5.082651] systemd[1]: Listening on Userspace Out-Of-Memory (OOM) Killer Socket.
[    5.112218] systemd[1]: Listening on udev Control Socket.
[    5.113880] systemd[1]: Listening on udev Kernel Socket.
[    5.547870] systemd[1]: Mounting Huge Pages File System...
[    5.552666] systemd[1]: Mounting POSIX Message Queue File System...
[    5.555672] systemd[1]: Mounting Kernel Debug File System...
[    5.556593] systemd[1]: Mounting Kernel Trace File System...
[    5.640904] systemd[1]: Create List of Static Device Nodes was skipped because of a failed condition check (ConditionFileNotEmpty=/lib/modules/6.1.0-rc5-next-20221117/modules.devname).
[    5.694802] systemd[1]: Starting Load Kernel Module configfs...
[    5.697629] systemd[1]: Starting Load Kernel Module drm...
[    5.700130] systemd[1]: Starting Load Kernel Module fuse...
[    5.701662] systemd[1]: Starting File System Check on Root Device...
[    5.702689] systemd[1]: systemd-journald.service: unit configures an IP firewall, but the local system does not support BPF/cgroup firewalling.
[    5.703936] systemd[1]: (This warning is only shown for the first unit using IP firewalling.)
[    5.705836] systemd[1]: Starting Journal Service...
[    5.740787] systemd[1]: Load Kernel Modules was skipped because all trigger condition checks failed.
[    5.745671] systemd[1]: Starting Generate network units from Kernel command line...
[    5.749836] systemd[1]: Repartition Root Disk was skipped because all trigger condition checks failed.
[    5.751840] systemd[1]: Starting Apply Kernel Variables...
[    5.754302] systemd[1]: Starting Create Static Device Nodes in /dev...
[    5.755730] systemd[1]: Starting Coldplug All udev Devices...
[    5.780676] systemd[1]: Finished Generate network units from Kernel command line.
[    5.781722] systemd[1]: Reached target Preparation for Network.
[    5.827661] systemd[1]: Started Journal Service.
[    5.990427] modprobe (171) used greatest stack depth: 12880 bytes left
[    8.112213] EXT4-fs (sda4): re-mounted. Quota mode: none.
[    8.528108] systemd-journald[176]: Received client request to flush runtime journal.
[    8.729879] systemd-journald[176]: File /var/log/journal/7bcf601e35db41c8a51bf433f7157eb8/system.journal corrupted or uncleanly shut down, renaming and replacing.
[    9.754893] e1000 0000:00:03.0 enp0s3: renamed from eth0
[    9.883945] e1000: enp0s3 NIC Link is Up 1000 Mbps Full Duplex, Flow Control: RX
[    9.884595] IPv6: ADDRCONF(NETDEV_CHANGE): enp0s3: link becomes ready
[   10.347833] Adding 2097148k swap on /dev/sda3.  Priority:1 extents:1 across:2097148k 
[   10.644608] EXT4-fs (sda2): mounted filesystem with ordered data mode. Quota mode: none.
