[    0.000000] Linux version 6.1.0-rc3 (root@ftlinux) (gcc (GCC) 12.2.0, GNU ld (GNU Binutils) 2.39) #1 SMP PREEMPT_DYNAMIC Thu Nov  3 15:26:08 CET 2022
[    0.000000] Command line: BOOT_IMAGE=/vmlinuz-6.1-rc3-glafond- root=/dev/sda4 ro
[    0.000000] x86/fpu: Supporting XSAVE feature 0x001: 'x87 floating point registers'
[    0.000000] x86/fpu: Supporting XSAVE feature 0x002: 'SSE registers'
[    0.000000] x86/fpu: Supporting XSAVE feature 0x004: 'AVX registers'
[    0.000000] x86/fpu: xstate_offset[2]:  576, xstate_sizes[2]:  256
[    0.000000] x86/fpu: Enabled xstate features 0x7, context size is 832 bytes, using 'standard' format.
[    0.000000] signal: max sigframe size: 1776
[    0.000000] BIOS-provided physical RAM map:
[    0.000000] BIOS-e820: [mem 0x0000000000000000-0x000000000009fbff] usable
[    0.000000] BIOS-e820: [mem 0x000000000009fc00-0x000000000009ffff] reserved
[    0.000000] BIOS-e820: [mem 0x00000000000f0000-0x00000000000fffff] reserved
[    0.000000] BIOS-e820: [mem 0x0000000000100000-0x00000000dffeffff] usable
[    0.000000] BIOS-e820: [mem 0x00000000dfff0000-0x00000000dfffffff] ACPI data
[    0.000000] BIOS-e820: [mem 0x00000000fec00000-0x00000000fec00fff] reserved
[    0.000000] BIOS-e820: [mem 0x00000000fee00000-0x00000000fee00fff] reserved
[    0.000000] BIOS-e820: [mem 0x00000000fffc0000-0x00000000ffffffff] reserved
[    0.000000] BIOS-e820: [mem 0x0000000100000000-0x000000015fffffff] usable
[    0.000000] NX (Execute Disable) protection: active
[    0.000000] SMBIOS 2.5 present.
[    0.000000] DMI: innotek GmbH VirtualBox/VirtualBox, BIOS VirtualBox 12/01/2006
[    0.000000] Hypervisor detected: KVM
[    0.000000] kvm-clock: Using msrs 4b564d01 and 4b564d00
[    0.000001] kvm-clock: using sched offset of 9949712617 cycles
[    0.000003] clocksource: kvm-clock: mask: 0xffffffffffffffff max_cycles: 0x1cd42e4dffb, max_idle_ns: 881590591483 ns
[    0.000005] tsc: Detected 2111.984 MHz processor
[    0.000389] e820: update [mem 0x00000000-0x00000fff] usable ==> reserved
[    0.000390] e820: remove [mem 0x000a0000-0x000fffff] usable
[    0.000393] last_pfn = 0x160000 max_arch_pfn = 0x400000000
[    0.000400] Disabled
[    0.000401] x86/PAT: MTRRs disabled, skipping PAT initialization too.
[    0.000402] CPU MTRRs all blank - virtualized system.
[    0.000404] x86/PAT: Configuration [0-7]: WB  WT  UC- UC  WB  WT  UC- UC  
[    0.000405] last_pfn = 0xdfff0 max_arch_pfn = 0x400000000
[    0.000439] found SMP MP-table at [mem 0x0009fff0-0x0009ffff]
[    0.001282] ACPI: Early table checksum verification disabled
[    0.001285] ACPI: RSDP 0x00000000000E0000 000024 (v02 VBOX  )
[    0.001288] ACPI: XSDT 0x00000000DFFF0030 00003C (v01 VBOX   VBOXXSDT 00000001 ASL  00000061)
[    0.001292] ACPI: FACP 0x00000000DFFF00F0 0000F4 (v04 VBOX   VBOXFACP 00000001 ASL  00000061)
[    0.001295] ACPI: DSDT 0x00000000DFFF04C0 002325 (v02 VBOX   VBOXBIOS 00000002 INTL 20200925)
[    0.001297] ACPI: FACS 0x00000000DFFF0200 000040
[    0.001299] ACPI: FACS 0x00000000DFFF0200 000040
[    0.001300] ACPI: APIC 0x00000000DFFF0240 0000AC (v02 VBOX   VBOXAPIC 00000001 ASL  00000061)
[    0.001302] ACPI: SSDT 0x00000000DFFF02F0 0001CC (v01 VBOX   VBOXCPUT 00000002 INTL 20200925)
[    0.001303] ACPI: Reserving FACP table memory at [mem 0xdfff00f0-0xdfff01e3]
[    0.001304] ACPI: Reserving DSDT table memory at [mem 0xdfff04c0-0xdfff27e4]
[    0.001305] ACPI: Reserving FACS table memory at [mem 0xdfff0200-0xdfff023f]
[    0.001305] ACPI: Reserving FACS table memory at [mem 0xdfff0200-0xdfff023f]
[    0.001305] ACPI: Reserving APIC table memory at [mem 0xdfff0240-0xdfff02eb]
[    0.001306] ACPI: Reserving SSDT table memory at [mem 0xdfff02f0-0xdfff04bb]
[    0.001425] No NUMA configuration found
[    0.001425] Faking a node at [mem 0x0000000000000000-0x000000015fffffff]
[    0.001427] NODE_DATA(0) allocated [mem 0x15fff8000-0x15fffbfff]
[    0.001436] Zone ranges:
[    0.001436]   DMA      [mem 0x0000000000001000-0x0000000000ffffff]
[    0.001437]   DMA32    [mem 0x0000000001000000-0x00000000ffffffff]
[    0.001438]   Normal   [mem 0x0000000100000000-0x000000015fffffff]
[    0.001438] Movable zone start for each node
[    0.001439] Early memory node ranges
[    0.001439]   node   0: [mem 0x0000000000001000-0x000000000009efff]
[    0.001440]   node   0: [mem 0x0000000000100000-0x00000000dffeffff]
[    0.001440]   node   0: [mem 0x0000000100000000-0x000000015fffffff]
[    0.001441] Initmem setup node 0 [mem 0x0000000000001000-0x000000015fffffff]
[    0.001929] On node 0, zone DMA: 1 pages in unavailable ranges
[    0.001940] On node 0, zone DMA: 97 pages in unavailable ranges
[    0.023930] On node 0, zone Normal: 16 pages in unavailable ranges
[    0.024200] ACPI: PM-Timer IO Port: 0x4008
[    0.024239] IOAPIC[0]: apic_id 12, version 32, address 0xfec00000, GSI 0-23
[    0.024241] ACPI: INT_SRC_OVR (bus 0 bus_irq 0 global_irq 2 dfl dfl)
[    0.024242] ACPI: INT_SRC_OVR (bus 0 bus_irq 9 global_irq 9 low level)
[    0.024245] ACPI: Using ACPI (MADT) for SMP configuration information
[    0.024249] smpboot: Allowing 12 CPUs, 0 hotplug CPUs
[    0.024264] PM: hibernation: Registered nosave memory: [mem 0x00000000-0x00000fff]
[    0.024265] PM: hibernation: Registered nosave memory: [mem 0x0009f000-0x0009ffff]
[    0.024266] PM: hibernation: Registered nosave memory: [mem 0x000a0000-0x000effff]
[    0.024266] PM: hibernation: Registered nosave memory: [mem 0x000f0000-0x000fffff]
[    0.024267] PM: hibernation: Registered nosave memory: [mem 0xdfff0000-0xdfffffff]
[    0.024267] PM: hibernation: Registered nosave memory: [mem 0xe0000000-0xfebfffff]
[    0.024267] PM: hibernation: Registered nosave memory: [mem 0xfec00000-0xfec00fff]
[    0.024268] PM: hibernation: Registered nosave memory: [mem 0xfec01000-0xfedfffff]
[    0.024268] PM: hibernation: Registered nosave memory: [mem 0xfee00000-0xfee00fff]
[    0.024268] PM: hibernation: Registered nosave memory: [mem 0xfee01000-0xfffbffff]
[    0.024269] PM: hibernation: Registered nosave memory: [mem 0xfffc0000-0xffffffff]
[    0.024270] [mem 0xe0000000-0xfebfffff] available for PCI devices
[    0.024271] Booting paravirtualized kernel on KVM
[    0.024272] clocksource: refined-jiffies: mask: 0xffffffff max_cycles: 0xffffffff, max_idle_ns: 1910969940391419 ns
[    0.027817] setup_percpu: NR_CPUS:64 nr_cpumask_bits:12 nr_cpu_ids:12 nr_node_ids:1
[    0.028969] percpu: Embedded 53 pages/cpu s176296 r8192 d32600 u262144
[    0.028973] pcpu-alloc: s176296 r8192 d32600 u262144 alloc=1*2097152
[    0.028974] pcpu-alloc: [0] 00 01 02 03 04 05 06 07 [0] 08 09 10 11 -- -- -- -- 
[    0.028989] Fallback order for Node 0: 0 
[    0.028991] Built 1 zonelists, mobility grouping on.  Total pages: 1289968
[    0.028991] Policy zone: Normal
[    0.028992] Kernel command line: BOOT_IMAGE=/vmlinuz-6.1-rc3-glafond- root=/dev/sda4 ro
[    0.029008] Unknown kernel command line parameters "BOOT_IMAGE=/vmlinuz-6.1-rc3-glafond-", will be passed to user space.
[    0.029024] random: crng init done
[    0.031043] Dentry cache hash table entries: 1048576 (order: 11, 8388608 bytes, linear)
[    0.031997] Inode-cache hash table entries: 524288 (order: 10, 4194304 bytes, linear)
[    0.032121] mem auto-init: stack:all(zero), heap alloc:off, heap free:off
[    0.032124] software IO TLB: area num 16.
[    0.065451] Memory: 5043504K/5242424K available (16396K kernel code, 2676K rwdata, 4800K rodata, 1536K init, 900K bss, 198660K reserved, 0K cma-reserved)
[    0.065500] SLUB: HWalign=64, Order=0-3, MinObjects=0, CPUs=12, Nodes=1
[    0.065505] Kernel/User page tables isolation: enabled
[    0.066321] Dynamic Preempt: voluntary
[    0.066856] rcu: Preemptible hierarchical RCU implementation.
[    0.066857] rcu: 	RCU event tracing is enabled.
[    0.066858] rcu: 	RCU restricting CPUs from NR_CPUS=64 to nr_cpu_ids=12.
[    0.066859] 	Trampoline variant of Tasks RCU enabled.
[    0.066859] rcu: RCU calculated value of scheduler-enlistment delay is 100 jiffies.
[    0.066860] rcu: Adjusting geometry for rcu_fanout_leaf=16, nr_cpu_ids=12
[    0.067603] NR_IRQS: 4352, nr_irqs: 520, preallocated irqs: 16
[    0.067753] rcu: srcu_init: Setting srcu_struct sizes based on contention.
[    0.071845] Console: colour VGA+ 80x25
[    0.091505] printk: console [tty0] enabled
[    0.091649] ACPI: Core revision 20220331
[    0.091832] APIC: Switch to symmetric I/O mode setup
[    0.092009] Switched APIC routing to physical flat.
[    0.092964] ..TIMER: vector=0x30 apic1=0 pin1=2 apic2=-1 pin2=-1
[    0.093148] clocksource: tsc-early: mask: 0xffffffffffffffff max_cycles: 0x1e71696f61d, max_idle_ns: 440795312217 ns
[    0.093431] Calibrating delay loop (skipped) preset value.. 4223.96 BogoMIPS (lpj=2111984)
[    0.093674] pid_max: default: 32768 minimum: 301
[    0.093825] LSM: Security Framework initializing
[    0.093973] SELinux:  Initializing.
[    0.094118] Mount-cache hash table entries: 16384 (order: 5, 131072 bytes, linear)
[    0.094354] Mountpoint-cache hash table entries: 16384 (order: 5, 131072 bytes, linear)
[    0.095577] Last level iTLB entries: 4KB 0, 2MB 0, 4MB 0
[    0.095738] Last level dTLB entries: 4KB 0, 2MB 0, 4MB 0, 1GB 0
[    0.095909] Spectre V1 : Mitigation: usercopy/swapgs barriers and __user pointer sanitization
[    0.096151] Spectre V2 : Mitigation: Retpolines
[    0.096293] Spectre V2 : Spectre v2 / SpectreRSB mitigation: Filling RSB on context switch
[    0.096428] Spectre V2 : Spectre v2 / SpectreRSB : Filling RSB on VMEXIT
[    0.096428] Speculative Store Bypass: Vulnerable
[    0.096428] MDS: Mitigation: Clear CPU buffers
[    0.105089] Freeing SMP alternatives memory: 44K
[    0.209843] smpboot: CPU0: 12th Gen Intel(R) Core(TM) i7-12700 (family: 0x6, model: 0x97, stepping: 0x2)
[    0.210212] cblist_init_generic: Setting adjustable number of callback queues.
[    0.210428] cblist_init_generic: Setting shift to 4 and lim to 1.
[    0.210444] Performance Events: unsupported p6 CPU model 151 no PMU driver, software events only.
[    0.210724] rcu: Hierarchical SRCU implementation.
[    0.210872] rcu: 	Max phase no-delay instances is 400.
[    0.211219] smp: Bringing up secondary CPUs ...
[    0.211432] x86: Booting SMP configuration:
[    0.211565] .... node  #0, CPUs:        #1  #2  #3  #4  #5  #6  #7  #8  #9 #10 #11
[    0.228693] smp: Brought up 1 node, 12 CPUs
[    0.229095] smpboot: Max logical packages: 1
[    0.229429] smpboot: Total of 12 processors activated (50687.61 BogoMIPS)
[    0.229811] devtmpfs: initialized
[    0.229811] clocksource: jiffies: mask: 0xffffffff max_cycles: 0xffffffff, max_idle_ns: 1911260446275000 ns
[    0.230431] futex hash table entries: 4096 (order: 6, 262144 bytes, linear)
[    0.230698] PM: RTC time: 13:37:20, date: 2022-11-07
[    0.231124] NET: Registered PF_NETLINK/PF_ROUTE protocol family
[    0.231463] audit: initializing netlink subsys (disabled)
[    0.231654] audit: type=2000 audit(1667828251.557:1): state=initialized audit_enabled=0 res=1
[    0.231654] thermal_sys: Registered thermal governor 'step_wise'
[    0.232429] thermal_sys: Registered thermal governor 'user_space'
[    0.232631] cpuidle: using governor menu
[    0.232846] PCI: Using configuration type 1 for base access
[    0.234712] kprobes: kprobe jump-optimization is enabled. All kprobes are optimized if possible.
[    0.242210] HugeTLB: registered 2.00 MiB page size, pre-allocated 0 pages
[    0.242210] HugeTLB: 28 KiB vmemmap can be freed for a 2.00 MiB page
[    0.242750] ACPI: Added _OSI(Module Device)
[    0.242750] ACPI: Added _OSI(Processor Device)
[    0.242817] ACPI: Added _OSI(3.0 _SCP Extensions)
[    0.243429] ACPI: Added _OSI(Processor Aggregator Device)
[    0.244218] ACPI: 2 ACPI AML tables successfully acquired and loaded
[    0.280141] ACPI: Interpreter enabled
[    0.280141] ACPI: PM: (supports S0 S5)
[    0.280141] ACPI: Using IOAPIC for interrupt routing
[    0.280141] PCI: Using host bridge windows from ACPI; if necessary, use "pci=nocrs" and report a bug
[    0.280379] PCI: Using E820 reservations for host bridge windows
[    0.280428] ACPI: Enabled 2 GPEs in block 00 to 07
[    0.281945] ACPI: PCI Root Bridge [PCI0] (domain 0000 [bus 00-ff])
[    0.282145] acpi PNP0A03:00: _OSC: OS supports [ASPM ClockPM Segments MSI HPX-Type3]
[    0.282405] acpi PNP0A03:00: _OSC: not requesting OS control; OS requires [ExtendedConfig ASPM ClockPM MSI]
[    0.283566] acpi PNP0A03:00: fail to add MMCONFIG information, can't access extended PCI configuration space under this bridge.
[    0.283968] PCI host bridge to bus 0000:00
[    0.284122] pci_bus 0000:00: root bus resource [io  0x0000-0x0cf7 window]
[    0.284331] pci_bus 0000:00: root bus resource [io  0x0d00-0xffff window]
[    0.284428] pci_bus 0000:00: root bus resource [mem 0x000a0000-0x000bffff window]
[    0.284428] pci_bus 0000:00: root bus resource [mem 0xe0000000-0xfdffffff window]
[    0.284428] pci_bus 0000:00: root bus resource [bus 00-ff]
[    0.284428] pci 0000:00:00.0: [8086:1237] type 00 class 0x060000
[    0.284428] pci 0000:00:01.0: [8086:7000] type 00 class 0x060100
[    0.286446] pci 0000:00:01.1: [8086:7111] type 00 class 0x01018a
[    0.286858] pci 0000:00:01.1: reg 0x20: [io  0xd000-0xd00f]
[    0.287129] pci 0000:00:01.1: legacy IDE quirk: reg 0x10: [io  0x01f0-0x01f7]
[    0.287344] pci 0000:00:01.1: legacy IDE quirk: reg 0x14: [io  0x03f6]
[    0.287428] pci 0000:00:01.1: legacy IDE quirk: reg 0x18: [io  0x0170-0x0177]
[    0.287428] pci 0000:00:01.1: legacy IDE quirk: reg 0x1c: [io  0x0376]
[    0.287533] pci 0000:00:02.0: [15ad:0405] type 00 class 0x030000
[    0.290616] pci 0000:00:02.0: reg 0x10: [io  0xd010-0xd01f]
[    0.293582] pci 0000:00:02.0: reg 0x14: [mem 0xe0000000-0xe0ffffff pref]
[    0.294614] pci 0000:00:02.0: reg 0x18: [mem 0xf0000000-0xf01fffff]
[    0.300632] pci 0000:00:02.0: Video device with shadowed ROM at [mem 0x000c0000-0x000dffff]
[    0.301616] pci 0000:00:03.0: [8086:100e] type 00 class 0x020000
[    0.302490] pci 0000:00:03.0: reg 0x10: [mem 0xf0200000-0xf021ffff]
[    0.305453] pci 0000:00:03.0: reg 0x18: [io  0xd020-0xd027]
[    0.314140] pci 0000:00:04.0: [80ee:cafe] type 00 class 0x088000
[    0.315441] pci 0000:00:04.0: reg 0x10: [io  0xd040-0xd05f]
[    0.316489] pci 0000:00:04.0: reg 0x14: [mem 0xf0400000-0xf07fffff]
[    0.318483] pci 0000:00:04.0: reg 0x18: [mem 0xf0800000-0xf0803fff pref]
[    0.327449] pci 0000:00:05.0: [8086:2415] type 00 class 0x040100
[    0.327948] pci 0000:00:05.0: reg 0x10: [io  0xd100-0xd1ff]
[    0.328429] pci 0000:00:05.0: reg 0x14: [io  0xd200-0xd23f]
[    0.329211] pci 0000:00:06.0: [106b:003f] type 00 class 0x0c0310
[    0.330462] pci 0000:00:06.0: reg 0x10: [mem 0xf0804000-0xf0804fff]
[    0.337459] pci 0000:00:07.0: [8086:7113] type 00 class 0x068000
[    0.337976] pci 0000:00:07.0: quirk: [io  0x4000-0x403f] claimed by PIIX4 ACPI
[    0.338234] pci 0000:00:07.0: quirk: [io  0x4100-0x410f] claimed by PIIX4 SMB
[    0.338579] pci 0000:00:0b.0: [8086:265c] type 00 class 0x0c0320
[    0.338579] pci 0000:00:0b.0: reg 0x10: [mem 0xf0805000-0xf0805fff]
[    0.346710] pci 0000:00:0d.0: [8086:2829] type 00 class 0x010601
[    0.347536] pci 0000:00:0d.0: reg 0x10: [io  0xd240-0xd247]
[    0.349315] pci 0000:00:0d.0: reg 0x14: [io  0xd248-0xd24b]
[    0.350461] pci 0000:00:0d.0: reg 0x18: [io  0xd250-0xd257]
[    0.352476] pci 0000:00:0d.0: reg 0x1c: [io  0xd258-0xd25b]
[    0.354489] pci 0000:00:0d.0: reg 0x20: [io  0xd260-0xd26f]
[    0.356508] pci 0000:00:0d.0: reg 0x24: [mem 0xf0806000-0xf0807fff]
[    0.360471] ACPI: PCI: Interrupt link LNKA configured for IRQ 11
[    0.360775] ACPI: PCI: Interrupt link LNKB configured for IRQ 10
[    0.361022] ACPI: PCI: Interrupt link LNKC configured for IRQ 9
[    0.361283] ACPI: PCI: Interrupt link LNKD configured for IRQ 11
[    0.361559] iommu: Default domain type: Translated 
[    0.361731] iommu: DMA domain TLB invalidation policy: lazy mode 
[    0.361995] SCSI subsystem initialized
[    0.362224] libata version 3.00 loaded.
[    0.362224] ACPI: bus type USB registered
[    0.362224] usbcore: registered new interface driver usbfs
[    0.362224] usbcore: registered new interface driver hub
[    0.362224] usbcore: registered new device driver usb
[    0.362229] pps_core: LinuxPPS API ver. 1 registered
[    0.362399] pps_core: Software ver. 5.3.6 - Copyright 2005-2007 Rodolfo Giometti <giometti@linux.it>
[    0.362428] PTP clock support registered
[    0.363470] Advanced Linux Sound Architecture Driver Initialized.
[    0.363769] NetLabel: Initializing
[    0.363969] NetLabel:  domain hash size = 128
[    0.364126] NetLabel:  protocols = UNLABELED CIPSOv4 CALIPSO
[    0.364324] NetLabel:  unlabeled traffic allowed by default
[    0.364499] PCI: Using ACPI for IRQ routing
[    0.364597] PCI: pci_cache_line_size set to 64 bytes
[    0.364745] e820: reserve RAM buffer [mem 0x0009fc00-0x0009ffff]
[    0.364748] e820: reserve RAM buffer [mem 0xdfff0000-0xdfffffff]
[    0.365442] pci 0000:00:02.0: vgaarb: setting as boot VGA device
[    0.365636] pci 0000:00:02.0: vgaarb: bridge control possible
[    0.365848] pci 0000:00:02.0: vgaarb: VGA device added: decodes=io+mem,owns=io+mem,locks=none
[    0.365848] vgaarb: loaded
[    0.366474] clocksource: Switched to clocksource kvm-clock
[    0.367428] VFS: Disk quotas dquot_6.6.0
[    0.369252] VFS: Dquot-cache hash table entries: 512 (order 0, 4096 bytes)
[    0.369577] pnp: PnP ACPI init
[    0.370193] pnp: PnP ACPI: found 3 devices
[    0.381701] clocksource: acpi_pm: mask: 0xffffff max_cycles: 0xffffff, max_idle_ns: 2085701024 ns
[    0.382032] NET: Registered PF_INET protocol family
[    0.382438] IP idents hash table entries: 131072 (order: 8, 1048576 bytes, linear)
[    0.382696] tcp_listen_portaddr_hash hash table entries: 4096 (order: 4, 65536 bytes, linear)
[    0.382696] Table-perturb hash table entries: 65536 (order: 6, 262144 bytes, linear)
[    0.382696] TCP established hash table entries: 65536 (order: 7, 524288 bytes, linear)
[    0.385358] TCP bind hash table entries: 65536 (order: 9, 2097152 bytes, linear)
[    0.386580] TCP: Hash tables configured (established 65536 bind 65536)
[    0.386841] UDP hash table entries: 4096 (order: 5, 131072 bytes, linear)
[    0.387060] UDP-Lite hash table entries: 4096 (order: 5, 131072 bytes, linear)
[    0.387363] NET: Registered PF_UNIX/PF_LOCAL protocol family
[    0.387858] RPC: Registered named UNIX socket transport module.
[    0.388053] RPC: Registered udp transport module.
[    0.388220] RPC: Registered tcp transport module.
[    0.388384] RPC: Registered tcp NFSv4.1 backchannel transport module.
[    0.388872] pci_bus 0000:00: resource 4 [io  0x0000-0x0cf7 window]
[    0.389073] pci_bus 0000:00: resource 5 [io  0x0d00-0xffff window]
[    0.389273] pci_bus 0000:00: resource 6 [mem 0x000a0000-0x000bffff window]
[    0.389487] pci_bus 0000:00: resource 7 [mem 0xe0000000-0xfdffffff window]
[    0.389756] pci 0000:00:00.0: Limiting direct PCI/PCI transfers
[    0.390997] PCI: CLS 0 bytes, default 64
[    0.391160] PCI-DMA: Using software bounce buffering for IO (SWIOTLB)
[    0.391378] software IO TLB: mapped [mem 0x00000000dbff0000-0x00000000dfff0000] (64MB)
[    0.392664] RAPL PMU: API unit is 2^-32 Joules, 0 fixed counters, 10737418240 ms ovfl timer
[    0.392964] clocksource: tsc: mask: 0xffffffffffffffff max_cycles: 0x1e71696f61d, max_idle_ns: 440795312217 ns
[    0.393678] clocksource: Switched to clocksource tsc
[    0.394072] platform rtc_cmos: registered platform RTC device (no PNP device found)
[    0.401513] Initialise system trusted keyrings
[    0.401875] workingset: timestamp_bits=56 max_order=21 bucket_order=0
[    0.402892] NFS: Registering the id_resolver key type
[    0.403069] Key type id_resolver registered
[    0.403220] Key type id_legacy registered
[    0.403455] 9p: Installing v9fs 9p2000 file system support
[    0.406506] Key type asymmetric registered
[    0.406506] Asymmetric key parser 'x509' registered
[    0.406506] Block layer SCSI generic (bsg) driver version 0.4 loaded (major 251)
[    0.406506] io scheduler mq-deadline registered
[    0.406506] io scheduler kyber registered
[    0.411979] ACPI: AC: AC Adapter [AC] (on-line)
[    0.412166] input: Power Button as /devices/LNXSYSTM:00/LNXPWRBN:00/input/input0
[    0.412535] ACPI: button: Power Button [PWRF]
[    0.412722] input: Sleep Button as /devices/LNXSYSTM:00/LNXSLPBN:00/input/input1
[    0.412987] ACPI: button: Sleep Button [SLPF]
[    0.413184] ACPI: video: Video Device [GFX0] (multi-head: yes  rom: no  post: no)
[    0.413457] input: Video Bus as /devices/LNXSYSTM:00/LNXSYBUS:00/PNP0A03:00/LNXVIDEO:00/input/input2
[    0.414197] Serial: 8250/16550 driver, 4 ports, IRQ sharing enabled
[    0.414486] 00:02: ttyS0 at I/O 0x3f8 (irq = 4, base_baud = 115200) is a 16550A
[    0.415761] Non-volatile memory driver v1.3
[    0.415917] Linux agpgart interface v0.103
[    0.416108] ACPI: bus type drm_connector registered
[    0.419494] loop: module loaded
[    0.419662] ahci 0000:00:0d.0: version 3.0
[    0.420087] ahci 0000:00:0d.0: SSS flag set, parallel bus scan disabled
[    0.420402] ahci 0000:00:0d.0: AHCI 0001.0100 32 slots 3 ports 3 Gbps 0x7 impl SATA mode
[    0.420671] ahci 0000:00:0d.0: flags: 64bit ncq stag only ccc 
[    0.421261] scsi host0: ahci
[    0.421580] scsi host1: ahci
[    0.422361] scsi host2: ahci
[    0.422513] ata1: SATA max UDMA/133 abar m8192@0xf0806000 port 0xf0806100 irq 21
[    0.422768] ata2: SATA max UDMA/133 abar m8192@0xf0806000 port 0xf0806180 irq 21
[    0.423021] ata3: SATA max UDMA/133 abar m8192@0xf0806000 port 0xf0806200 irq 21
[    0.423354] ata_piix 0000:00:01.1: version 2.13
[    0.423862] scsi host3: ata_piix
[    0.424244] scsi host4: ata_piix
[    0.424389] ata4: PATA max UDMA/33 cmd 0x1f0 ctl 0x3f6 bmdma 0xd000 irq 14
[    0.424598] ata5: PATA max UDMA/33 cmd 0x170 ctl 0x376 bmdma 0xd008 irq 15
[    0.425564] e100: Intel(R) PRO/100 Network Driver
[    0.425864] e100: Copyright(c) 1999-2006 Intel Corporation
[    0.426114] e1000: Intel(R) PRO/1000 Network Driver
[    0.426288] e1000: Copyright (c) 1999-2006 Intel Corporation.
[    0.581983] ata4.00: ATAPI: VBOX CD-ROM, 1.0, max UDMA/133
[    0.733607] ata1: SATA link down (SStatus 0 SControl 300)
[    0.734456] e1000 0000:00:03.0 eth0: (PCI:33MHz:32-bit) 08:00:27:a1:53:d2
[    0.734456] e1000 0000:00:03.0 eth0: Intel(R) PRO/1000 Network Connection
[    0.734456] e1000e: Intel(R) PRO/1000 Network Driver
[    0.734456] e1000e: Copyright(c) 1999 - 2015 Intel Corporation.
[    0.734456] sky2: driver version 1.30
[    0.736594] ehci-pci 0000:00:0b.0: EHCI Host Controller
[    0.737043] ehci-pci 0000:00:0b.0: new USB bus registered, assigned bus number 1
[    0.737402] ehci-pci 0000:00:0b.0: irq 19, io mem 0xf0805000
[    0.744722] ehci-pci 0000:00:0b.0: USB 2.0 started, EHCI 1.00
[    0.744934] usb usb1: New USB device found, idVendor=1d6b, idProduct=0002, bcdDevice= 6.01
[    0.745198] usb usb1: New USB device strings: Mfr=3, Product=2, SerialNumber=1
[    0.745437] usb usb1: Product: EHCI Host Controller
[    0.745598] usb usb1: Manufacturer: Linux 6.1.0-rc3 ehci_hcd
[    0.745679] usb usb1: SerialNumber: 0000:00:0b.0
[    0.746189] hub 1-0:1.0: USB hub found
[    0.746334] hub 1-0:1.0: 12 ports detected
[    0.746849] ohci-pci 0000:00:06.0: OHCI PCI host controller
[    0.747157] ohci-pci 0000:00:06.0: new USB bus registered, assigned bus number 2
[    0.747433] ohci-pci 0000:00:06.0: irq 22, io mem 0xf0804000
[    0.800317] usb usb2: New USB device found, idVendor=1d6b, idProduct=0001, bcdDevice= 6.01
[    0.800906] usb usb2: New USB device strings: Mfr=3, Product=2, SerialNumber=1
[    0.800906] usb usb2: Product: OHCI PCI host controller
[    0.800906] usb usb2: Manufacturer: Linux 6.1.0-rc3 ohci_hcd
[    0.800906] usb usb2: SerialNumber: 0000:00:06.0
[    0.807207] hub 2-0:1.0: USB hub found
[    0.807941] hub 2-0:1.0: 12 ports detected
[    0.810462] usbcore: registered new interface driver usblp
[    0.811560] usbcore: registered new interface driver usb-storage
[    0.811714] i8042: PNP: PS/2 Controller [PNP0303:PS2K,PNP0f03:PS2M] at 0x60,0x64 irq 1,12
[    0.814915] serio: i8042 KBD port at 0x60,0x64 irq 1
[    0.815440] serio: i8042 AUX port at 0x60,0x64 irq 12
[    0.817775] rtc_cmos rtc_cmos: registered as rtc0
[    0.818206] rtc_cmos rtc_cmos: alarms up to one day, 114 bytes nvram
[    0.818661] input: AT Translated Set 2 keyboard as /devices/platform/i8042/serio0/input/input3
[    0.819415] fail to initialize ptp_kvm
[    0.819668] device-mapper: ioctl: 4.47.0-ioctl (2022-07-28) initialised: dm-devel@redhat.com
[    0.820360] intel_pstate: CPU model not supported
[    0.820677] hid: raw HID events driver (C) Jiri Kosina
[    0.821024] usbcore: registered new interface driver usbhid
[    0.821273] usbhid: USB HID core driver
[    0.823173] Initializing XFRM netlink socket
[    0.823383] NET: Registered PF_INET6 protocol family
[    0.824253] Segment Routing with IPv6
[    0.824406] In-situ OAM (IOAM) with IPv6
[    0.824590] sit: IPv6, IPv4 and MPLS over IPv4 tunneling driver
[    0.824910] NET: Registered PF_PACKET protocol family
[    0.825104] 9pnet: Installing 9P2000 support
[    0.825277] Key type dns_resolver registered
[    0.826924] IPI shorthand broadcast: enabled
[    0.827083] sched_clock: Marking stable (801542303, 25340371)->(839511923, -12629249)
[    0.827759] registered taskstats version 1
[    0.827905] Loading compiled-in X.509 certificates
[    0.828310] cryptomgr_test (111) used greatest stack depth: 15744 bytes left
[    0.828919] cryptomgr_test (114) used greatest stack depth: 15520 bytes left
[    0.832693] PM:   Magic number: 14:515:634
[    0.832884] printk: console [netcon0] enabled
[    0.833041] netconsole: network logging started
[    0.833583] cfg80211: Loading compiled-in X.509 certificates for regulatory database
[    0.834157] kworker/u24:0 (133) used greatest stack depth: 14224 bytes left
[    0.835114] cfg80211: Loaded X.509 cert 'sforshee: 00b28ddf47aef9cea7'
[    0.835382] platform regulatory.0: Direct firmware load for regulatory.db failed with error -2
[    0.835795] cfg80211: failed to load regulatory.db
[    0.835987] ALSA device list:
[    0.836116]   No soundcards found.
[    1.046899] ata2: SATA link up 3.0 Gbps (SStatus 123 SControl 300)
[    1.047690] ata2.00: ATA-6: VBOX HARDDISK, 1.0, max UDMA/133
[    1.047951] ata2.00: 41943040 sectors, multi 128: LBA48 NCQ (depth 32)
[    1.048633] ata2.00: configured for UDMA/133
[    1.049040] scsi 1:0:0:0: Direct-Access     ATA      VBOX HARDDISK    1.0  PQ: 0 ANSI: 5
[    1.049418] input: ImExPS/2 Generic Explorer Mouse as /devices/platform/i8042/serio1/input/input5
[    1.049611] sd 1:0:0:0: [sda] 41943040 512-byte logical blocks: (21.5 GB/20.0 GiB)
[    1.049794] sd 1:0:0:0: Attached scsi generic sg0 type 0
[    1.050582] sd 1:0:0:0: [sda] Write Protect is off
[    1.050747] sd 1:0:0:0: [sda] Mode Sense: 00 3a 00 00
[    1.050773] sd 1:0:0:0: [sda] Write cache: enabled, read cache: enabled, doesn't support DPO or FUA
[    1.051902] sd 1:0:0:0: [sda] Preferred minimum I/O size 512 bytes
[    1.110300] usb 2-1: new full-speed USB device number 2 using ohci-pci
[    1.278521]  sda: sda1 sda2 sda3 sda4
[    1.281791] sd 1:0:0:0: [sda] Attached SCSI disk
[    1.346329] usb 2-1: New USB device found, idVendor=80ee, idProduct=0021, bcdDevice= 1.00
[    1.347898] usb 2-1: New USB device strings: Mfr=1, Product=3, SerialNumber=0
[    1.349138] usb 2-1: Product: USB Tablet
[    1.349874] usb 2-1: Manufacturer: VirtualBox
[    1.364346] input: VirtualBox USB Tablet as /devices/pci0000:00/0000:00:06.0/usb2/2-1/2-1:1.0/0003:80EE:0021.0001/input/input6
[    1.366824] ata3: SATA link down (SStatus 0 SControl 300)
[    1.367496] hid-generic 0003:80EE:0021.0001: input,hidraw0: USB HID v1.10 Mouse [VirtualBox USB Tablet] on usb-0000:00:06.0-1/input0
[    1.369895] scsi 3:0:0:0: CD-ROM            VBOX     CD-ROM           1.0  PQ: 0 ANSI: 5
[    1.583971] sr 3:0:0:0: [sr0] scsi3-mmc drive: 32x/32x xa/form2 tray
[    1.585864] cdrom: Uniform CD-ROM driver Revision: 3.20
[    1.844131] sr 3:0:0:0: Attached scsi CD-ROM sr0
[    1.844544] sr 3:0:0:0: Attached scsi generic sg1 type 5
[    1.845270] md: Waiting for all devices to be available before autodetect
[    1.846032] md: If you don't use raid, use raid=noautodetect
[    1.846761] md: Autodetecting RAID arrays.
[    1.847384] md: autorun ...
[    1.847921] md: ... autorun DONE.
[    2.001282] EXT4-fs (sda4): mounted filesystem with ordered data mode. Quota mode: none.
[    2.003043] VFS: Mounted root (ext4 filesystem) readonly on device 8:4.
[    2.177624] devtmpfs: mounted
[    2.178610] Freeing unused kernel image (initmem) memory: 1536K
[    2.179227] Write protecting the kernel read-only data: 24576k
[    2.180366] Freeing unused kernel image (text/rodata gap) memory: 2032K
[    2.181200] Freeing unused kernel image (rodata/data gap) memory: 1344K
[    2.209993] x86/mm: Checked W+X mappings: passed, no W+X pages found.
[    2.210188] x86/mm: Checking user space page tables
[    2.237532] x86/mm: Checked W+X mappings: passed, no W+X pages found.
[    2.237732] Run /sbin/init as init process
[    2.237874]   with arguments:
[    2.237875]     /sbin/init
[    2.237875]   with environment:
[    2.237875]     HOME=/
[    2.237876]     TERM=linux
[    2.237876]     BOOT_IMAGE=/vmlinuz-6.1-rc3-glafond-
[    7.650274] systemd[1]: RTC configured in localtime, applying delta of 60 minutes to system time.
[    8.417440] systemd[1]: systemd 251 running in system mode (-PAM -AUDIT -SELINUX -APPARMOR +IMA +SMACK -SECCOMP -GCRYPT -GNUTLS +OPENSSL +ACL +BLKID -CURL -ELFUTILS -FIDO2 -IDN2 -IDN -IPTC +KMOD -LIBCRYPTSETUP +LIBFDISK -PCRE2 -PWQUALITY -P11KIT -QRENCODE -TPM2 +BZIP2 -LZ4 +XZ +ZLIB +ZSTD -BPF_FRAMEWORK -XKBCOMMON +UTMP +SYSVINIT default-hierarchy=unified)
[    8.423028] systemd[1]: Detected virtualization oracle.
[    8.423757] systemd[1]: Detected architecture x86-64.
[    8.776877] systemd[1]: Hostname set to <ftlinux>.
[    9.866463] systemd-debug-g (154) used greatest stack depth: 13136 bytes left
[    9.871687] systemd-fstab-g (155) used greatest stack depth: 13024 bytes left
[   12.427575] systemd[1]: Queued start job for default target Graphical Interface.
[   12.437995] systemd[1]: Created slice Slice /system/getty.
[   12.439011] systemd[1]: Created slice Slice /system/modprobe.
[   12.439996] systemd[1]: Created slice Slice /system/systemd-fsck.
[   12.441378] systemd[1]: Created slice User and Session Slice.
[   12.442547] systemd[1]: Started Dispatch Password Requests to Console Directory Watch.
[   12.443662] systemd[1]: Started Forward Password Requests to Wall Directory Watch.
[   12.444746] systemd[1]: Set up automount Arbitrary Executable File Formats File System Automount Point.
[   12.445359] systemd[1]: Reached target Path Units.
[   12.445758] systemd[1]: Reached target Remote File Systems.
[   12.446571] systemd[1]: Reached target Slice Units.
[   12.448093] systemd[1]: Listening on Process Core Dump Socket.
[   12.448569] systemd[1]: Listening on initctl Compatibility Named Pipe.
[   12.449287] systemd[1]: Listening on Journal Audit Socket.
[   12.449719] systemd[1]: Listening on Journal Socket (/dev/log).
[   12.450158] systemd[1]: Listening on Journal Socket.
[   12.450574] systemd[1]: Listening on Network Service Netlink Socket.
[   12.451050] systemd[1]: Listening on Userspace Out-Of-Memory (OOM) Killer Socket.
[   12.496347] systemd[1]: Listening on udev Control Socket.
[   12.498886] systemd[1]: Listening on udev Kernel Socket.
[   12.547084] systemd[1]: Mounting Huge Pages File System...
[   12.548650] systemd[1]: Mounting POSIX Message Queue File System...
[   12.550581] systemd[1]: Mounting Kernel Debug File System...
[   12.553084] systemd[1]: Mounting Kernel Trace File System...
[   12.763249] systemd[1]: Create List of Static Device Nodes was skipped because of a failed condition check (ConditionFileNotEmpty=/lib/modules/6.1.0-rc3/modules.devname).
[   12.784642] systemd[1]: Starting Load Kernel Module configfs...
[   12.786910] systemd[1]: Starting Load Kernel Module drm...
[   12.788516] systemd[1]: Starting Load Kernel Module fuse...
[   12.790066] systemd[1]: Starting File System Check on Root Device...
[   12.790704] systemd[1]: systemd-journald.service: unit configures an IP firewall, but the local system does not support BPF/cgroup firewalling.
[   12.791103] systemd[1]: (This warning is only shown for the first unit using IP firewalling.)
[   12.791881] systemd[1]: Starting Journal Service...
[   12.850274] systemd[1]: Load Kernel Modules was skipped because all trigger condition checks failed.
[   12.865253] systemd[1]: Starting Generate network units from Kernel command line...
[   12.871347] systemd[1]: Repartition Root Disk was skipped because all trigger condition checks failed.
[   12.875830] systemd[1]: Starting Apply Kernel Variables...
[   12.879599] systemd[1]: Starting Create Static Device Nodes in /dev...
[   12.882128] systemd[1]: Starting Coldplug All udev Devices...
[   12.944897] systemd[1]: Finished Generate network units from Kernel command line.
[   12.949484] systemd[1]: Reached target Preparation for Network.
[   13.019679] systemd[1]: Started Journal Service.
[   13.297539] modprobe (169) used greatest stack depth: 12896 bytes left
[   16.362554] EXT4-fs (sda4): re-mounted. Quota mode: none.
[   17.366472] systemd-journald[174]: Received client request to flush runtime journal.
[   17.619959] systemd-journald[174]: File /var/log/journal/7bcf601e35db41c8a51bf433f7157eb8/system.journal corrupted or uncleanly shut down, renaming and replacing.
[   20.300090] e1000 0000:00:03.0 enp0s3: renamed from eth0
[   20.855076] e1000: enp0s3 NIC Link is Up 1000 Mbps Full Duplex, Flow Control: RX
[   20.857857] IPv6: ADDRCONF(NETDEV_CHANGE): enp0s3: link becomes ready
[   22.501731] Adding 2097148k swap on /dev/sda3.  Priority:1 extents:1 across:2097148k 
[   23.585928] EXT4-fs (sda2): mounted filesystem with ordered data mode. Quota mode: none.
[ 1678.026007] kworker/dying (100) used greatest stack depth: 12672 bytes left
