[    0.000000] Linux version 6.1.0-rc4-00011-g59f2f4b8a757 (root@ftlinux) (gcc (GCC) 12.2.0, GNU ld (GNU Binutils) 2.39) #1 SMP PREEMPT_DYNAMIC Tue Nov  8 16:03:25 CET 2022
[    0.000000] Command line: BOOT_IMAGE=/vmlinuz-6.1.0-rc4-00011-g59f2f4b8a757 root=/dev/sda4 ro
[    0.000000] x86/fpu: Supporting XSAVE feature 0x001: 'x87 floating point registers'
[    0.000000] x86/fpu: Supporting XSAVE feature 0x002: 'SSE registers'
[    0.000000] x86/fpu: Supporting XSAVE feature 0x004: 'AVX registers'
[    0.000000] x86/fpu: xstate_offset[2]:  576, xstate_sizes[2]:  256
[    0.000000] x86/fpu: Enabled xstate features 0x7, context size is 832 bytes, using 'standard' format.
[    0.000000] signal: max sigframe size: 1776
[    0.000000] BIOS-provided physical RAM map:
[    0.000000] BIOS-e820: [mem 0x0000000000000000-0x000000000009fbff] usable
[    0.000000] BIOS-e820: [mem 0x000000000009fc00-0x000000000009ffff] reserved
[    0.000000] BIOS-e820: [mem 0x00000000000f0000-0x00000000000fffff] reserved
[    0.000000] BIOS-e820: [mem 0x0000000000100000-0x00000000dffeffff] usable
[    0.000000] BIOS-e820: [mem 0x00000000dfff0000-0x00000000dfffffff] ACPI data
[    0.000000] BIOS-e820: [mem 0x00000000fec00000-0x00000000fec00fff] reserved
[    0.000000] BIOS-e820: [mem 0x00000000fee00000-0x00000000fee00fff] reserved
[    0.000000] BIOS-e820: [mem 0x00000000fffc0000-0x00000000ffffffff] reserved
[    0.000000] BIOS-e820: [mem 0x0000000100000000-0x000000015fffffff] usable
[    0.000000] NX (Execute Disable) protection: active
[    0.000000] SMBIOS 2.5 present.
[    0.000000] DMI: innotek GmbH VirtualBox/VirtualBox, BIOS VirtualBox 12/01/2006
[    0.000000] Hypervisor detected: KVM
[    0.000000] kvm-clock: Using msrs 4b564d01 and 4b564d00
[    0.000001] kvm-clock: using sched offset of 11107364204 cycles
[    0.000003] clocksource: kvm-clock: mask: 0xffffffffffffffff max_cycles: 0x1cd42e4dffb, max_idle_ns: 881590591483 ns
[    0.000004] tsc: Detected 2111.998 MHz processor
[    0.000392] e820: update [mem 0x00000000-0x00000fff] usable ==> reserved
[    0.000394] e820: remove [mem 0x000a0000-0x000fffff] usable
[    0.000397] last_pfn = 0x160000 max_arch_pfn = 0x400000000
[    0.000415] Disabled
[    0.000416] x86/PAT: MTRRs disabled, skipping PAT initialization too.
[    0.000417] CPU MTRRs all blank - virtualized system.
[    0.000419] x86/PAT: Configuration [0-7]: WB  WT  UC- UC  WB  WT  UC- UC  
[    0.000420] last_pfn = 0xdfff0 max_arch_pfn = 0x400000000
[    0.000456] found SMP MP-table at [mem 0x0009fff0-0x0009ffff]
[    0.000880] ACPI: Early table checksum verification disabled
[    0.000882] ACPI: RSDP 0x00000000000E0000 000024 (v02 VBOX  )
[    0.000885] ACPI: XSDT 0x00000000DFFF0030 00003C (v01 VBOX   VBOXXSDT 00000001 ASL  00000061)
[    0.000888] ACPI: FACP 0x00000000DFFF00F0 0000F4 (v04 VBOX   VBOXFACP 00000001 ASL  00000061)
[    0.000891] ACPI: DSDT 0x00000000DFFF04C0 002325 (v02 VBOX   VBOXBIOS 00000002 INTL 20200925)
[    0.000893] ACPI: FACS 0x00000000DFFF0200 000040
[    0.000895] ACPI: FACS 0x00000000DFFF0200 000040
[    0.000897] ACPI: APIC 0x00000000DFFF0240 0000AC (v02 VBOX   VBOXAPIC 00000001 ASL  00000061)
[    0.000898] ACPI: SSDT 0x00000000DFFF02F0 0001CC (v01 VBOX   VBOXCPUT 00000002 INTL 20200925)
[    0.000900] ACPI: Reserving FACP table memory at [mem 0xdfff00f0-0xdfff01e3]
[    0.000901] ACPI: Reserving DSDT table memory at [mem 0xdfff04c0-0xdfff27e4]
[    0.000901] ACPI: Reserving FACS table memory at [mem 0xdfff0200-0xdfff023f]
[    0.000901] ACPI: Reserving FACS table memory at [mem 0xdfff0200-0xdfff023f]
[    0.000902] ACPI: Reserving APIC table memory at [mem 0xdfff0240-0xdfff02eb]
[    0.000902] ACPI: Reserving SSDT table memory at [mem 0xdfff02f0-0xdfff04bb]
[    0.001015] No NUMA configuration found
[    0.001015] Faking a node at [mem 0x0000000000000000-0x000000015fffffff]
[    0.001017] NODE_DATA(0) allocated [mem 0x15fff8000-0x15fffbfff]
[    0.001024] Zone ranges:
[    0.001024]   DMA      [mem 0x0000000000001000-0x0000000000ffffff]
[    0.001025]   DMA32    [mem 0x0000000001000000-0x00000000ffffffff]
[    0.001026]   Normal   [mem 0x0000000100000000-0x000000015fffffff]
[    0.001026] Movable zone start for each node
[    0.001027] Early memory node ranges
[    0.001027]   node   0: [mem 0x0000000000001000-0x000000000009efff]
[    0.001027]   node   0: [mem 0x0000000000100000-0x00000000dffeffff]
[    0.001028]   node   0: [mem 0x0000000100000000-0x000000015fffffff]
[    0.001029] Initmem setup node 0 [mem 0x0000000000001000-0x000000015fffffff]
[    0.001286] On node 0, zone DMA: 1 pages in unavailable ranges
[    0.001298] On node 0, zone DMA: 97 pages in unavailable ranges
[    0.014934] On node 0, zone Normal: 16 pages in unavailable ranges
[    0.015235] ACPI: PM-Timer IO Port: 0x4008
[    0.015286] IOAPIC[0]: apic_id 12, version 32, address 0xfec00000, GSI 0-23
[    0.015289] ACPI: INT_SRC_OVR (bus 0 bus_irq 0 global_irq 2 dfl dfl)
[    0.015291] ACPI: INT_SRC_OVR (bus 0 bus_irq 9 global_irq 9 low level)
[    0.015294] ACPI: Using ACPI (MADT) for SMP configuration information
[    0.015300] smpboot: Allowing 12 CPUs, 0 hotplug CPUs
[    0.015325] PM: hibernation: Registered nosave memory: [mem 0x00000000-0x00000fff]
[    0.015326] PM: hibernation: Registered nosave memory: [mem 0x0009f000-0x0009ffff]
[    0.015327] PM: hibernation: Registered nosave memory: [mem 0x000a0000-0x000effff]
[    0.015327] PM: hibernation: Registered nosave memory: [mem 0x000f0000-0x000fffff]
[    0.015328] PM: hibernation: Registered nosave memory: [mem 0xdfff0000-0xdfffffff]
[    0.015328] PM: hibernation: Registered nosave memory: [mem 0xe0000000-0xfebfffff]
[    0.015328] PM: hibernation: Registered nosave memory: [mem 0xfec00000-0xfec00fff]
[    0.015329] PM: hibernation: Registered nosave memory: [mem 0xfec01000-0xfedfffff]
[    0.015329] PM: hibernation: Registered nosave memory: [mem 0xfee00000-0xfee00fff]
[    0.015330] PM: hibernation: Registered nosave memory: [mem 0xfee01000-0xfffbffff]
[    0.015330] PM: hibernation: Registered nosave memory: [mem 0xfffc0000-0xffffffff]
[    0.015335] [mem 0xe0000000-0xfebfffff] available for PCI devices
[    0.015336] Booting paravirtualized kernel on KVM
[    0.015337] clocksource: refined-jiffies: mask: 0xffffffff max_cycles: 0xffffffff, max_idle_ns: 1910969940391419 ns
[    0.018782] setup_percpu: NR_CPUS:64 nr_cpumask_bits:12 nr_cpu_ids:12 nr_node_ids:1
[    0.019715] percpu: Embedded 53 pages/cpu s176296 r8192 d32600 u262144
[    0.019719] pcpu-alloc: s176296 r8192 d32600 u262144 alloc=1*2097152
[    0.019721] pcpu-alloc: [0] 00 01 02 03 04 05 06 07 [0] 08 09 10 11 -- -- -- -- 
[    0.019736] Fallback order for Node 0: 0 
[    0.019738] Built 1 zonelists, mobility grouping on.  Total pages: 1289968
[    0.019739] Policy zone: Normal
[    0.019739] Kernel command line: BOOT_IMAGE=/vmlinuz-6.1.0-rc4-00011-g59f2f4b8a757 root=/dev/sda4 ro
[    0.019756] Unknown kernel command line parameters "BOOT_IMAGE=/vmlinuz-6.1.0-rc4-00011-g59f2f4b8a757", will be passed to user space.
[    0.019785] random: crng init done
[    0.021073] Dentry cache hash table entries: 1048576 (order: 11, 8388608 bytes, linear)
[    0.021592] Inode-cache hash table entries: 524288 (order: 10, 4194304 bytes, linear)
[    0.021715] mem auto-init: stack:all(zero), heap alloc:off, heap free:off
[    0.021719] software IO TLB: area num 16.
[    0.047582] Memory: 5043504K/5242424K available (16396K kernel code, 2676K rwdata, 4800K rodata, 1536K init, 900K bss, 198660K reserved, 0K cma-reserved)
[    0.047606] SLUB: HWalign=64, Order=0-3, MinObjects=0, CPUs=12, Nodes=1
[    0.047611] Kernel/User page tables isolation: enabled
[    0.048376] Dynamic Preempt: voluntary
[    0.048702] rcu: Preemptible hierarchical RCU implementation.
[    0.048703] rcu: 	RCU event tracing is enabled.
[    0.048703] rcu: 	RCU restricting CPUs from NR_CPUS=64 to nr_cpu_ids=12.
[    0.048704] 	Trampoline variant of Tasks RCU enabled.
[    0.048705] rcu: RCU calculated value of scheduler-enlistment delay is 100 jiffies.
[    0.048705] rcu: Adjusting geometry for rcu_fanout_leaf=16, nr_cpu_ids=12
[    0.049378] NR_IRQS: 4352, nr_irqs: 520, preallocated irqs: 16
[    0.049528] rcu: srcu_init: Setting srcu_struct sizes based on contention.
[    0.053568] Console: colour VGA+ 80x25
[    0.072879] printk: console [tty0] enabled
[    0.073305] ACPI: Core revision 20220331
[    0.073512] APIC: Switch to symmetric I/O mode setup
[    0.073660] Switched APIC routing to physical flat.
[    0.074663] ..TIMER: vector=0x30 apic1=0 pin1=2 apic2=-1 pin2=-1
[    0.074847] clocksource: tsc-early: mask: 0xffffffffffffffff max_cycles: 0x1e71768ef8b, max_idle_ns: 440795218977 ns
[    0.075132] Calibrating delay loop (skipped) preset value.. 4223.99 BogoMIPS (lpj=2111998)
[    0.075384] pid_max: default: 32768 minimum: 301
[    0.075531] LSM: Security Framework initializing
[    0.075671] SELinux:  Initializing.
[    0.075812] Mount-cache hash table entries: 16384 (order: 5, 131072 bytes, linear)
[    0.076054] Mountpoint-cache hash table entries: 16384 (order: 5, 131072 bytes, linear)
[    0.077268] Last level iTLB entries: 4KB 0, 2MB 0, 4MB 0
[    0.077445] Last level dTLB entries: 4KB 0, 2MB 0, 4MB 0, 1GB 0
[    0.077609] Spectre V1 : Mitigation: usercopy/swapgs barriers and __user pointer sanitization
[    0.077840] Spectre V2 : Mitigation: Retpolines
[    0.077976] Spectre V2 : Spectre v2 / SpectreRSB mitigation: Filling RSB on context switch
[    0.078129] Spectre V2 : Spectre v2 / SpectreRSB : Filling RSB on VMEXIT
[    0.078129] Speculative Store Bypass: Vulnerable
[    0.078129] MDS: Mitigation: Clear CPU buffers
[    0.086585] Freeing SMP alternatives memory: 44K
[    0.191122] APIC calibration not consistent with PM-Timer: 101ms instead of 100ms
[    0.191129] APIC delta adjusted to PM-Timer: 6267005 (6340994)
[    0.191165] smpboot: CPU0: 12th Gen Intel(R) Core(TM) i7-12700 (family: 0x6, model: 0x97, stepping: 0x2)
[    0.191467] cblist_init_generic: Setting adjustable number of callback queues.
[    0.191678] cblist_init_generic: Setting shift to 4 and lim to 1.
[    0.191848] Performance Events: unsupported p6 CPU model 151 no PMU driver, software events only.
[    0.192104] rcu: Hierarchical SRCU implementation.
[    0.192130] rcu: 	Max phase no-delay instances is 400.
[    0.192441] smp: Bringing up secondary CPUs ...
[    0.192617] x86: Booting SMP configuration:
[    0.192749] .... node  #0, CPUs:        #1  #2  #3  #4  #5  #6  #7  #8  #9 #10 #11
[    0.210462] smp: Brought up 1 node, 12 CPUs
[    0.211130] smpboot: Max logical packages: 1
[    0.211286] smpboot: Total of 12 processors activated (50687.95 BogoMIPS)
[    0.211664] devtmpfs: initialized
[    0.212212] clocksource: jiffies: mask: 0xffffffff max_cycles: 0xffffffff, max_idle_ns: 1911260446275000 ns
[    0.212459] futex hash table entries: 4096 (order: 6, 262144 bytes, linear)
[    0.213186] PM: RTC time: 15:12:06, date: 2022-11-08
[    0.213588] NET: Registered PF_NETLINK/PF_ROUTE protocol family
[    0.213801] audit: initializing netlink subsys (disabled)
[    0.214135] audit: type=2000 audit(1667920338.553:1): state=initialized audit_enabled=0 res=1
[    0.214173] thermal_sys: Registered thermal governor 'step_wise'
[    0.214440] thermal_sys: Registered thermal governor 'user_space'
[    0.214646] cpuidle: using governor menu
[    0.214646] PCI: Using configuration type 1 for base access
[    0.216399] kprobes: kprobe jump-optimization is enabled. All kprobes are optimized if possible.
[    0.223451] HugeTLB: registered 2.00 MiB page size, pre-allocated 0 pages
[    0.223451] HugeTLB: 28 KiB vmemmap can be freed for a 2.00 MiB page
[    0.224055] ACPI: Added _OSI(Module Device)
[    0.224131] ACPI: Added _OSI(Processor Device)
[    0.224297] ACPI: Added _OSI(3.0 _SCP Extensions)
[    0.224471] ACPI: Added _OSI(Processor Aggregator Device)
[    0.225373] ACPI: 2 ACPI AML tables successfully acquired and loaded
[    0.261415] ACPI: Interpreter enabled
[    0.261415] ACPI: PM: (supports S0 S5)
[    0.261528] ACPI: Using IOAPIC for interrupt routing
[    0.261799] PCI: Using host bridge windows from ACPI; if necessary, use "pci=nocrs" and report a bug
[    0.262130] PCI: Using E820 reservations for host bridge windows
[    0.262397] ACPI: Enabled 2 GPEs in block 00 to 07
[    0.264528] ACPI: PCI Root Bridge [PCI0] (domain 0000 [bus 00-ff])
[    0.264732] acpi PNP0A03:00: _OSC: OS supports [ASPM ClockPM Segments MSI HPX-Type3]
[    0.265022] acpi PNP0A03:00: _OSC: not requesting OS control; OS requires [ExtendedConfig ASPM ClockPM MSI]
[    0.265263] acpi PNP0A03:00: fail to add MMCONFIG information, can't access extended PCI configuration space under this bridge.
[    0.265661] PCI host bridge to bus 0000:00
[    0.265834] pci_bus 0000:00: root bus resource [io  0x0000-0x0cf7 window]
[    0.266130] pci_bus 0000:00: root bus resource [io  0x0d00-0xffff window]
[    0.266337] pci_bus 0000:00: root bus resource [mem 0x000a0000-0x000bffff window]
[    0.266603] pci_bus 0000:00: root bus resource [mem 0xe0000000-0xfdffffff window]
[    0.266867] pci_bus 0000:00: root bus resource [bus 00-ff]
[    0.267223] pci 0000:00:00.0: [8086:1237] type 00 class 0x060000
[    0.267688] pci 0000:00:01.0: [8086:7000] type 00 class 0x060100
[    0.268352] pci 0000:00:01.1: [8086:7111] type 00 class 0x01018a
[    0.268758] pci 0000:00:01.1: reg 0x20: [io  0xd000-0xd00f]
[    0.269073] pci 0000:00:01.1: legacy IDE quirk: reg 0x10: [io  0x01f0-0x01f7]
[    0.269130] pci 0000:00:01.1: legacy IDE quirk: reg 0x14: [io  0x03f6]
[    0.269340] pci 0000:00:01.1: legacy IDE quirk: reg 0x18: [io  0x0170-0x0177]
[    0.269561] pci 0000:00:01.1: legacy IDE quirk: reg 0x1c: [io  0x0376]
[    0.269892] pci 0000:00:02.0: [15ad:0405] type 00 class 0x030000
[    0.272326] pci 0000:00:02.0: reg 0x10: [io  0xd010-0xd01f]
[    0.275149] pci 0000:00:02.0: reg 0x14: [mem 0xe0000000-0xe0ffffff pref]
[    0.276280] pci 0000:00:02.0: reg 0x18: [mem 0xf0000000-0xf01fffff]
[    0.282336] pci 0000:00:02.0: Video device with shadowed ROM at [mem 0x000c0000-0x000dffff]
[    0.282336] pci 0000:00:03.0: [8086:100e] type 00 class 0x020000
[    0.283129] pci 0000:00:03.0: reg 0x10: [mem 0xf0200000-0xf021ffff]
[    0.285198] pci 0000:00:03.0: reg 0x18: [io  0xd020-0xd027]
[    0.290369] pci 0000:00:04.0: [80ee:cafe] type 00 class 0x088000
[    0.292269] pci 0000:00:04.0: reg 0x10: [io  0xd040-0xd05f]
[    0.294144] pci 0000:00:04.0: reg 0x14: [mem 0xf0400000-0xf07fffff]
[    0.295168] pci 0000:00:04.0: reg 0x18: [mem 0xf0800000-0xf0803fff pref]
[    0.299180] pci 0000:00:05.0: [8086:2415] type 00 class 0x040100
[    0.299462] pci 0000:00:05.0: reg 0x10: [io  0xd100-0xd1ff]
[    0.299684] pci 0000:00:05.0: reg 0x14: [io  0xd200-0xd23f]
[    0.299684] pci 0000:00:06.0: [106b:003f] type 00 class 0x0c0310
[    0.300129] pci 0000:00:06.0: reg 0x10: [mem 0xf0804000-0xf0804fff]
[    0.308293] pci 0000:00:07.0: [8086:7113] type 00 class 0x068000
[    0.308724] pci 0000:00:07.0: quirk: [io  0x4000-0x403f] claimed by PIIX4 ACPI
[    0.309136] pci 0000:00:07.0: quirk: [io  0x4100-0x410f] claimed by PIIX4 SMB
[    0.309500] pci 0000:00:0b.0: [8086:265c] type 00 class 0x0c0320
[    0.310228] pci 0000:00:0b.0: reg 0x10: [mem 0xf0805000-0xf0805fff]
[    0.318348] pci 0000:00:0d.0: [8086:2829] type 00 class 0x010601
[    0.319252] pci 0000:00:0d.0: reg 0x10: [io  0xd240-0xd247]
[    0.320210] pci 0000:00:0d.0: reg 0x14: [io  0xd248-0xd24b]
[    0.322197] pci 0000:00:0d.0: reg 0x18: [io  0xd250-0xd257]
[    0.323148] pci 0000:00:0d.0: reg 0x1c: [io  0xd258-0xd25b]
[    0.324129] pci 0000:00:0d.0: reg 0x20: [io  0xd260-0xd26f]
[    0.326155] pci 0000:00:0d.0: reg 0x24: [mem 0xf0806000-0xf0807fff]
[    0.328925] ACPI: PCI: Interrupt link LNKA configured for IRQ 11
[    0.329268] ACPI: PCI: Interrupt link LNKB configured for IRQ 10
[    0.329623] ACPI: PCI: Interrupt link LNKC configured for IRQ 9
[    0.330186] ACPI: PCI: Interrupt link LNKD configured for IRQ 11
[    0.330635] iommu: Default domain type: Translated 
[    0.330911] iommu: DMA domain TLB invalidation policy: lazy mode 
[    0.331206] SCSI subsystem initialized
[    0.331477] libata version 3.00 loaded.
[    0.331477] ACPI: bus type USB registered
[    0.331477] usbcore: registered new interface driver usbfs
[    0.332137] usbcore: registered new interface driver hub
[    0.332370] usbcore: registered new device driver usb
[    0.332596] pps_core: LinuxPPS API ver. 1 registered
[    0.332794] pps_core: Software ver. 5.3.6 - Copyright 2005-2007 Rodolfo Giometti <giometti@linux.it>
[    0.333131] PTP clock support registered
[    0.333333] Advanced Linux Sound Architecture Driver Initialized.
[    0.333468] NetLabel: Initializing
[    0.333656] NetLabel:  domain hash size = 128
[    0.334131] NetLabel:  protocols = UNLABELED CIPSOv4 CALIPSO
[    0.334341] NetLabel:  unlabeled traffic allowed by default
[    0.334556] PCI: Using ACPI for IRQ routing
[    0.334556] PCI: pci_cache_line_size set to 64 bytes
[    0.334556] e820: reserve RAM buffer [mem 0x0009fc00-0x0009ffff]
[    0.334556] e820: reserve RAM buffer [mem 0xdfff0000-0xdfffffff]
[    0.334556] pci 0000:00:02.0: vgaarb: setting as boot VGA device
[    0.334556] pci 0000:00:02.0: vgaarb: bridge control possible
[    0.334556] pci 0000:00:02.0: vgaarb: VGA device added: decodes=io+mem,owns=io+mem,locks=none
[    0.335131] vgaarb: loaded
[    0.335435] clocksource: Switched to clocksource kvm-clock
[    0.335775] VFS: Disk quotas dquot_6.6.0
[    0.336673] VFS: Dquot-cache hash table entries: 512 (order 0, 4096 bytes)
[    0.337097] pnp: PnP ACPI init
[    0.337602] pnp: PnP ACPI: found 3 devices
[    0.348747] clocksource: acpi_pm: mask: 0xffffff max_cycles: 0xffffff, max_idle_ns: 2085701024 ns
[    0.349046] NET: Registered PF_INET protocol family
[    0.349269] IP idents hash table entries: 131072 (order: 8, 1048576 bytes, linear)
[    0.349743] tcp_listen_portaddr_hash hash table entries: 4096 (order: 4, 65536 bytes, linear)
[    0.349743] Table-perturb hash table entries: 65536 (order: 6, 262144 bytes, linear)
[    0.349743] TCP established hash table entries: 65536 (order: 7, 524288 bytes, linear)
[    0.351437] TCP bind hash table entries: 65536 (order: 9, 2097152 bytes, linear)
[    0.352101] TCP: Hash tables configured (established 65536 bind 65536)
[    0.352332] UDP hash table entries: 4096 (order: 5, 131072 bytes, linear)
[    0.352396] UDP-Lite hash table entries: 4096 (order: 5, 131072 bytes, linear)
[    0.352396] NET: Registered PF_UNIX/PF_LOCAL protocol family
[    0.353331] RPC: Registered named UNIX socket transport module.
[    0.353533] RPC: Registered udp transport module.
[    0.353700] RPC: Registered tcp transport module.
[    0.353863] RPC: Registered tcp NFSv4.1 backchannel transport module.
[    0.354373] pci_bus 0000:00: resource 4 [io  0x0000-0x0cf7 window]
[    0.355198] pci_bus 0000:00: resource 5 [io  0x0d00-0xffff window]
[    0.355315] pci_bus 0000:00: resource 6 [mem 0x000a0000-0x000bffff window]
[    0.355315] pci_bus 0000:00: resource 7 [mem 0xe0000000-0xfdffffff window]
[    0.357542] pci 0000:00:00.0: Limiting direct PCI/PCI transfers
[    0.358647] PCI: CLS 0 bytes, default 64
[    0.358800] PCI-DMA: Using software bounce buffering for IO (SWIOTLB)
[    0.359008] software IO TLB: mapped [mem 0x00000000dbff0000-0x00000000dfff0000] (64MB)
[    0.360321] RAPL PMU: API unit is 2^-32 Joules, 0 fixed counters, 10737418240 ms ovfl timer
[    0.360589] clocksource: tsc: mask: 0xffffffffffffffff max_cycles: 0x1e71768ef8b, max_idle_ns: 440795218977 ns
[    0.361492] clocksource: Switched to clocksource tsc
[    0.361878] platform rtc_cmos: registered platform RTC device (no PNP device found)
[    0.367589] Initialise system trusted keyrings
[    0.367848] workingset: timestamp_bits=56 max_order=21 bucket_order=0
[    0.368744] NFS: Registering the id_resolver key type
[    0.368925] Key type id_resolver registered
[    0.369073] Key type id_legacy registered
[    0.369317] 9p: Installing v9fs 9p2000 file system support
[    0.373192] Key type asymmetric registered
[    0.373192] Asymmetric key parser 'x509' registered
[    0.373192] Block layer SCSI generic (bsg) driver version 0.4 loaded (major 251)
[    0.373192] io scheduler mq-deadline registered
[    0.373192] io scheduler kyber registered
[    0.378240] ACPI: AC: AC Adapter [AC] (on-line)
[    0.378444] input: Power Button as /devices/LNXSYSTM:00/LNXPWRBN:00/input/input0
[    0.378905] ACPI: button: Power Button [PWRF]
[    0.379105] input: Sleep Button as /devices/LNXSYSTM:00/LNXSLPBN:00/input/input1
[    0.379407] ACPI: button: Sleep Button [SLPF]
[    0.379622] ACPI: video: Video Device [GFX0] (multi-head: yes  rom: no  post: no)
[    0.379921] input: Video Bus as /devices/LNXSYSTM:00/LNXSYBUS:00/PNP0A03:00/LNXVIDEO:00/input/input2
[    0.380726] Serial: 8250/16550 driver, 4 ports, IRQ sharing enabled
[    0.381040] 00:02: ttyS0 at I/O 0x3f8 (irq = 4, base_baud = 115200) is a 16550A
[    0.381907] Non-volatile memory driver v1.3
[    0.382087] Linux agpgart interface v0.103
[    0.382329] ACPI: bus type drm_connector registered
[    0.385912] loop: module loaded
[    0.386086] ahci 0000:00:0d.0: version 3.0
[    0.386378] ahci 0000:00:0d.0: SSS flag set, parallel bus scan disabled
[    0.386696] ahci 0000:00:0d.0: AHCI 0001.0100 32 slots 3 ports 3 Gbps 0x7 impl SATA mode
[    0.387163] ahci 0000:00:0d.0: flags: 64bit ncq stag only ccc 
[    0.387932] scsi host0: ahci
[    0.388340] scsi host1: ahci
[    0.388624] scsi host2: ahci
[    0.388776] ata1: SATA max UDMA/133 abar m8192@0xf0806000 port 0xf0806100 irq 21
[    0.389025] ata2: SATA max UDMA/133 abar m8192@0xf0806000 port 0xf0806180 irq 21
[    0.389291] ata3: SATA max UDMA/133 abar m8192@0xf0806000 port 0xf0806200 irq 21
[    0.389596] ata_piix 0000:00:01.1: version 2.13
[    0.390042] scsi host3: ata_piix
[    0.390480] scsi host4: ata_piix
[    0.390621] ata4: PATA max UDMA/33 cmd 0x1f0 ctl 0x3f6 bmdma 0xd000 irq 14
[    0.390828] ata5: PATA max UDMA/33 cmd 0x170 ctl 0x376 bmdma 0xd008 irq 15
[    0.391402] e100: Intel(R) PRO/100 Network Driver
[    0.391681] e100: Copyright(c) 1999-2006 Intel Corporation
[    0.392068] e1000: Intel(R) PRO/1000 Network Driver
[    0.392257] e1000: Copyright (c) 1999-2006 Intel Corporation.
[    0.547754] ata4.00: ATAPI: VBOX CD-ROM, 1.0, max UDMA/133
[    0.701509] ata1: SATA link down (SStatus 0 SControl 300)
[    0.927158] e1000 0000:00:03.0 eth0: (PCI:33MHz:32-bit) 08:00:27:a1:53:d2
[    0.927158] e1000 0000:00:03.0 eth0: Intel(R) PRO/1000 Network Connection
[    0.927158] e1000e: Intel(R) PRO/1000 Network Driver
[    0.927158] e1000e: Copyright(c) 1999 - 2015 Intel Corporation.
[    0.927158] sky2: driver version 1.30
[    0.929372] ehci-pci 0000:00:0b.0: EHCI Host Controller
[    0.929711] ehci-pci 0000:00:0b.0: new USB bus registered, assigned bus number 1
[    0.930061] ehci-pci 0000:00:0b.0: irq 19, io mem 0xf0805000
[    0.937857] ehci-pci 0000:00:0b.0: USB 2.0 started, EHCI 1.00
[    0.938234] usb usb1: New USB device found, idVendor=1d6b, idProduct=0002, bcdDevice= 6.01
[    0.938727] usb usb1: New USB device strings: Mfr=3, Product=2, SerialNumber=1
[    0.938810] usb usb1: Product: EHCI Host Controller
[    0.938810] usb usb1: Manufacturer: Linux 6.1.0-rc4-00011-g59f2f4b8a757 ehci_hcd
[    0.938810] usb usb1: SerialNumber: 0000:00:0b.0
[    0.940442] hub 1-0:1.0: USB hub found
[    0.940673] hub 1-0:1.0: 12 ports detected
[    0.941439] ohci-pci 0000:00:06.0: OHCI PCI host controller
[    0.942191] ohci-pci 0000:00:06.0: new USB bus registered, assigned bus number 2
[    0.942600] ohci-pci 0000:00:06.0: irq 22, io mem 0xf0804000
[    1.006206] usb usb2: New USB device found, idVendor=1d6b, idProduct=0001, bcdDevice= 6.01
[    1.007982] usb usb2: New USB device strings: Mfr=3, Product=2, SerialNumber=1
[    1.009668] usb usb2: Product: OHCI PCI host controller
[    1.010385] ata2: SATA link up 3.0 Gbps (SStatus 123 SControl 300)
[    1.011135] usb usb2: Manufacturer: Linux 6.1.0-rc4-00011-g59f2f4b8a757 ohci_hcd
[    1.013010] ata2.00: ATA-6: VBOX HARDDISK, 1.0, max UDMA/133
[    1.014025] usb usb2: SerialNumber: 0000:00:06.0
[    1.015136] ata2.00: 41943040 sectors, multi 128: LBA48 NCQ (depth 32)
[    1.017531] hub 2-0:1.0: USB hub found
[    1.018977] hub 2-0:1.0: 12 ports detected
[    1.019163] ata2.00: configured for UDMA/133
[    1.021138] usbcore: registered new interface driver usblp
[    1.021635] scsi 1:0:0:0: Direct-Access     ATA      VBOX HARDDISK    1.0  PQ: 0 ANSI: 5
[    1.022026] usbcore: registered new interface driver usb-storage
[    1.024314] sd 1:0:0:0: [sda] 41943040 512-byte logical blocks: (21.5 GB/20.0 GiB)
[    1.024516] i8042: PNP: PS/2 Controller [PNP0303:PS2K,PNP0f03:PS2M] at 0x60,0x64 irq 1,12
[    1.024586] sd 1:0:0:0: Attached scsi generic sg0 type 0
[    1.025352] sd 1:0:0:0: [sda] Write Protect is off
[    1.025354] sd 1:0:0:0: [sda] Mode Sense: 00 3a 00 00
[    1.025365] sd 1:0:0:0: [sda] Write cache: enabled, read cache: enabled, doesn't support DPO or FUA
[    1.027008] serio: i8042 KBD port at 0x60,0x64 irq 1
[    1.027582] sd 1:0:0:0: [sda] Preferred minimum I/O size 512 bytes
[    1.027859] serio: i8042 AUX port at 0x60,0x64 irq 12
[    1.029786] rtc_cmos rtc_cmos: registered as rtc0
[    1.030027] rtc_cmos rtc_cmos: alarms up to one day, 114 bytes nvram
[    1.030414] fail to initialize ptp_kvm
[    1.030476] input: AT Translated Set 2 keyboard as /devices/platform/i8042/serio0/input/input3
[    1.031034] device-mapper: ioctl: 4.47.0-ioctl (2022-07-28) initialised: dm-devel@redhat.com
[    1.031331] intel_pstate: CPU model not supported
[    1.031696] hid: raw HID events driver (C) Jiri Kosina
[    1.031955] usbcore: registered new interface driver usbhid
[    1.032139] usbhid: USB HID core driver
[    1.033292] Initializing XFRM netlink socket
[    1.033531] NET: Registered PF_INET6 protocol family
[    1.034394] Segment Routing with IPv6
[    1.034545] In-situ OAM (IOAM) with IPv6
[    1.034719] sit: IPv6, IPv4 and MPLS over IPv4 tunneling driver
[    1.035001] NET: Registered PF_PACKET protocol family
[    1.035206] 9pnet: Installing 9P2000 support
[    1.035361] Key type dns_resolver registered
[    1.037291] IPI shorthand broadcast: enabled
[    1.037452] sched_clock: Marking stable (1012018992, 25241851)->(1046978046, -9717203)
[    1.038383] registered taskstats version 1
[    1.038533] Loading compiled-in X.509 certificates
[    1.039057] cryptomgr_test (111) used greatest stack depth: 15520 bytes left
[    1.042763] PM:   Magic number: 14:390:234
[    1.042941] printk: console [netcon0] enabled
[    1.043093] netconsole: network logging started
[    1.043713] cfg80211: Loading compiled-in X.509 certificates for regulatory database
[    1.044353] kworker/u24:1 (133) used greatest stack depth: 14224 bytes left
[    1.044872] cfg80211: Loaded X.509 cert 'sforshee: 00b28ddf47aef9cea7'
[    1.045109] platform regulatory.0: Direct firmware load for regulatory.db failed with error -2
[    1.045644] cfg80211: failed to load regulatory.db
[    1.045837] ALSA device list:
[    1.045984]   No soundcards found.
[    1.247957] input: ImExPS/2 Generic Explorer Mouse as /devices/platform/i8042/serio1/input/input5
[    1.262684]  sda: sda1 sda2 sda3 sda4
[    1.264223] sd 1:0:0:0: [sda] Attached SCSI disk
[    1.345694] ata3: SATA link down (SStatus 0 SControl 300)
[    1.348081] scsi 3:0:0:0: CD-ROM            VBOX     CD-ROM           1.0  PQ: 0 ANSI: 5
[    1.351195] usb 2-1: new full-speed USB device number 2 using ohci-pci
[    1.514217] sr 3:0:0:0: [sr0] scsi3-mmc drive: 32x/32x xa/form2 tray
[    1.514404] cdrom: Uniform CD-ROM driver Revision: 3.20
[    1.539297] sr 3:0:0:0: Attached scsi CD-ROM sr0
[    1.539387] sr 3:0:0:0: Attached scsi generic sg1 type 5
[    1.539684] md: Waiting for all devices to be available before autodetect
[    1.539923] md: If you don't use raid, use raid=noautodetect
[    1.540102] md: Autodetecting RAID arrays.
[    1.540238] md: autorun ...
[    1.540350] md: ... autorun DONE.
[    1.692999] EXT4-fs (sda4): mounted filesystem with ordered data mode. Quota mode: none.
[    1.694697] VFS: Mounted root (ext4 filesystem) readonly on device 8:4.
[    1.801393] usb 2-1: New USB device found, idVendor=80ee, idProduct=0021, bcdDevice= 1.00
[    1.803134] usb 2-1: New USB device strings: Mfr=1, Product=3, SerialNumber=0
[    1.804396] usb 2-1: Product: USB Tablet
[    1.805223] usb 2-1: Manufacturer: VirtualBox
[    1.806147] devtmpfs: mounted
[    1.810120] Freeing unused kernel image (initmem) memory: 1536K
[    1.811590] Write protecting the kernel read-only data: 24576k
[    1.813099] Freeing unused kernel image (text/rodata gap) memory: 2032K
[    1.813900] Freeing unused kernel image (rodata/data gap) memory: 1344K
[    1.818201] input: VirtualBox USB Tablet as /devices/pci0000:00/0000:00:06.0/usb2/2-1/2-1:1.0/0003:80EE:0021.0001/input/input6
[    1.818949] hid-generic 0003:80EE:0021.0001: input,hidraw0: USB HID v1.10 Mouse [VirtualBox USB Tablet] on usb-0000:00:06.0-1/input0
[    1.842885] x86/mm: Checked W+X mappings: passed, no W+X pages found.
[    1.843085] x86/mm: Checking user space page tables
[    1.870016] x86/mm: Checked W+X mappings: passed, no W+X pages found.
[    1.870190] Run /sbin/init as init process
[    1.870349]   with arguments:
[    1.870349]     /sbin/init
[    1.870350]   with environment:
[    1.870350]     HOME=/
[    1.870350]     TERM=linux
[    1.870351]     BOOT_IMAGE=/vmlinuz-6.1.0-rc4-00011-g59f2f4b8a757
[    4.968153] systemd[1]: RTC configured in localtime, applying delta of 60 minutes to system time.
[    5.072907] systemd[1]: systemd 251 running in system mode (-PAM -AUDIT -SELINUX -APPARMOR +IMA +SMACK -SECCOMP -GCRYPT -GNUTLS +OPENSSL +ACL +BLKID -CURL -ELFUTILS -FIDO2 -IDN2 -IDN -IPTC +KMOD -LIBCRYPTSETUP +LIBFDISK -PCRE2 -PWQUALITY -P11KIT -QRENCODE -TPM2 +BZIP2 -LZ4 +XZ +ZLIB +ZSTD -BPF_FRAMEWORK -XKBCOMMON +UTMP +SYSVINIT default-hierarchy=unified)
[    5.080021] systemd[1]: Detected virtualization oracle.
[    5.080208] systemd[1]: Detected architecture x86-64.
[    5.190513] systemd[1]: Hostname set to <ftlinux>.
[    5.789958] systemd-debug-g (146) used greatest stack depth: 13352 bytes left
[    5.794017] systemd-fstab-g (147) used greatest stack depth: 13208 bytes left
[    8.053128] systemd[1]: Queued start job for default target Graphical Interface.
[    8.092422] systemd[1]: Created slice Slice /system/getty.
[    8.095156] systemd[1]: Created slice Slice /system/modprobe.
[    8.097622] systemd[1]: Created slice Slice /system/systemd-fsck.
[    8.100039] systemd[1]: Created slice User and Session Slice.
[    8.102275] systemd[1]: Started Dispatch Password Requests to Console Directory Watch.
[    8.104578] systemd[1]: Started Forward Password Requests to Wall Directory Watch.
[    8.106483] systemd[1]: Set up automount Arbitrary Executable File Formats File System Automount Point.
[    8.108832] systemd[1]: Reached target Path Units.
[    8.109611] systemd[1]: Reached target Remote File Systems.
[    8.110317] systemd[1]: Reached target Slice Units.
[    8.130700] systemd[1]: Listening on Process Core Dump Socket.
[    8.133208] systemd[1]: Listening on initctl Compatibility Named Pipe.
[    8.135451] systemd[1]: Listening on Journal Audit Socket.
[    8.136837] systemd[1]: Listening on Journal Socket (/dev/log).
[    8.138082] systemd[1]: Listening on Journal Socket.
[    8.139074] systemd[1]: Listening on Network Service Netlink Socket.
[    8.140033] systemd[1]: Listening on Userspace Out-Of-Memory (OOM) Killer Socket.
[    8.209636] systemd[1]: Listening on udev Control Socket.
[    8.212417] systemd[1]: Listening on udev Kernel Socket.
[    8.684050] systemd[1]: Mounting Huge Pages File System...
[    8.689289] systemd[1]: Mounting POSIX Message Queue File System...
[    8.690936] systemd[1]: Mounting Kernel Debug File System...
[    8.691817] systemd[1]: Mounting Kernel Trace File System...
[    8.824557] systemd[1]: Create List of Static Device Nodes was skipped because of a failed condition check (ConditionFileNotEmpty=/lib/modules/6.1.0-rc4-00011-g59f2f4b8a757/modules.devname).
[    8.909024] systemd[1]: Starting Load Kernel Module configfs...
[    8.914566] systemd[1]: Starting Load Kernel Module drm...
[    8.922762] systemd[1]: Starting Load Kernel Module fuse...
[    8.925894] systemd[1]: Starting File System Check on Root Device...
[    8.927386] systemd[1]: systemd-journald.service: unit configures an IP firewall, but the local system does not support BPF/cgroup firewalling.
[    8.928139] systemd[1]: (This warning is only shown for the first unit using IP firewalling.)
[    8.929346] systemd[1]: Starting Journal Service...
[    9.184642] systemd[1]: Load Kernel Modules was skipped because all trigger condition checks failed.
[    9.230104] systemd[1]: Starting Generate network units from Kernel command line...
[    9.236124] systemd[1]: Repartition Root Disk was skipped because all trigger condition checks failed.
[    9.242342] systemd[1]: Starting Apply Kernel Variables...
[    9.248497] systemd[1]: Starting Create Static Device Nodes in /dev...
[    9.251403] systemd[1]: Starting Coldplug All udev Devices...
[    9.253958] systemd[1]: Mounted Huge Pages File System.
[    9.254596] systemd[1]: Mounted POSIX Message Queue File System.
[    9.255608] systemd[1]: Mounted Kernel Debug File System.
[    9.256067] systemd[1]: Mounted Kernel Trace File System.
[    9.256814] systemd[1]: Started Journal Service.
[    9.393039] modprobe (174) used greatest stack depth: 12896 bytes left
[   13.774957] EXT4-fs (sda4): re-mounted. Quota mode: none.
[   14.358499] systemd-journald[177]: Received client request to flush runtime journal.
[   14.794687] systemd-journald[177]: File /var/log/journal/7bcf601e35db41c8a51bf433f7157eb8/system.journal corrupted or uncleanly shut down, renaming and replacing.
[   17.627133] e1000 0000:00:03.0 enp0s3: renamed from eth0
[   18.260077] e1000: enp0s3 NIC Link is Up 1000 Mbps Full Duplex, Flow Control: RX
[   18.261000] IPv6: ADDRCONF(NETDEV_CHANGE): enp0s3: link becomes ready
[   18.382352] Adding 2097148k swap on /dev/sda3.  Priority:1 extents:1 across:2097148k 
[   19.330025] EXT4-fs (sda2): mounted filesystem with ordered data mode. Quota mode: none.
